(log buffer empty)
---
P8: openlibs...
P8: openlibs done
P8: froze 178 globals (2136B), table shrunk from 256 to 4 nodes
P8: pool=825KB used=224KB free=601KB
P8: pool=825KB used=224KB free=601KB
F60 vm=1 dr=2 tot=3 | mem=229/825KB free=596KB gc=74.3KB base=30
F120 vm=1 dr=2 tot=3 | mem=231/825KB free=594KB gc=77.6KB base=30
F180 vm=1 dr=2 tot=3 | mem=235/825KB free=590KB gc=80.9KB base=30
F240 vm=1 dr=2 tot=3 | mem=239/825KB free=586KB gc=84.2KB base=30
F300 vm=1 dr=2 tot=3 | mem=241/825KB free=584KB gc=87.5KB base=30
F360 vm=1 dr=2 tot=3 | mem=245/825KB free=580KB gc=90.7KB base=30
F420 vm=1 dr=2 tot=3 | mem=249/825KB free=576KB gc=94.0KB base=30
F480 vm=1 dr=2 tot=3 | mem=253/825KB free=572KB gc=97.3KB base=30
F540 vm=1 dr=2 tot=3 | mem=255/825KB free=570KB gc=100.6KB base=30
F600 vm=1 dr=2 tot=3 | mem=259/825KB free=566KB gc=103.9KB base=30
F660 vm=1 dr=2 tot=3 | mem=263/825KB free=562KB gc=107.1KB base=30
F720 vm=1 dr=2 tot=3 | mem=265/825KB free=560KB gc=110.4KB base=30
F780 vm=1 dr=2 tot=3 | mem=269/825KB free=556KB gc=113.7KB base=30
F840 vm=1 dr=2 tot=3 | mem=273/825KB free=552KB gc=117.0KB base=30
F900 vm=1 dr=2 tot=3 | mem=277/825KB free=548KB gc=120.3KB base=30
F960 vm=1 dr=2 tot=3 | mem=279/825KB free=546KB gc=123.6KB base=30
F1020 vm=1 dr=2 tot=3 | mem=281/825KB free=544KB gc=126.8KB base=30
F1080 vm=1 dr=2 tot=3 | mem=285/825KB free=540KB gc=130.1KB base=30
F1140 vm=1 dr=2 tot=3 | mem=289/825KB free=535KB gc=133.4KB base=30
F1200 vm=1 dr=2 tot=3 | mem=291/825KB free=533KB gc=136.7KB base=30
F1260 vm=1 dr=2 tot=3 | mem=295/825KB free=529KB gc=139.10KB base=30
F1320 vm=1 dr=2 tot=3 | mem=299/825KB free=525KB gc=143.2KB base=30
F1380 vm=1 dr=2 tot=3 | mem=301/825KB free=523KB gc=146.5KB base=30
F1440 vm=1 dr=2 tot=3 | mem=305/825KB free=519KB gc=149.8KB base=30
odroid_system_switch_app: Switching to app 0.
Log started.
Boot from emulator!
LCD: Finished init
filesytem mounted.
LCD init done.
odroid_system_init: System ready!
CORE: registered 'PC Engine' (pce) from /cores/pce.bin, parse_type=0
CORE: registered 'PC Engine CD' (pcecd) from /cores/pce.bin, parse_type=1
CORE: registered 'Game Boy Advance' (gba) from /cores/gba.bin, parse_type=0
CORE: registered 'Atari Lynx' (lynx) from /cores/lynx.bin, parse_type=0
CORE: registered 'DOS PC' (dos) from /cores/dos.bin, parse_type=0
CORE: registered 'Doom' (doom) from /cores/doom.bin, parse_type=0
CORE: registered 'Game Boy' (gb) from /cores/tgbdual.bin, parse_type=0
CORE: registered 'Game Boy Color' (gbc) from /cores/tgbdual.bin, parse_type=0
CORE: registered 'Nintendo Entertainment System' (nes) from /cores/fceumm.bin, parse_type=0
CORE: registered 'MSX' (msx) from /cores/blueMSX.bin, parse_type=0
CORE: registered 'Atari 2600' (a2600) from /cores/stella2014.bin, parse_type=0
CORE: registered 'Amstrad CPC' (amstrad) from /cores/caprice32.bin, parse_type=0
CORE: registered 'Watara Supervision' (wsv) from /cores/potator.bin, parse_type=0
CORE: registered 'Pok
mon Mini' (mini) from /cores/PokeMini.bin, parse_type=0
CORE: registered 'Game & Watch' (gw) from /cores/LCD-Game-Emulator.bin, parse_type=0
CORE: registered 'Super Nintendo' (snes) from /cores/snes.bin, parse_type=0
CORE: registered 'Sega Genesis' (md) from /cores/gwenesis.bin, parse_type=0
CORE: registered 'Atari 7800' (a7800) from /cores/prosystem.bin, parse_type=0
CORE: registered 'Sega Master System' (sms) from /cores/SmsPlusGX.bin, parse_type=0
CORE: registered 'Sega Game Gear' (gg) from /cores/SmsPlusGX.bin, parse_type=0
CORE: registered 'Sega SG-1000' (sg) from /cores/SmsPlusGX.bin, parse_type=0
CORE: registered 'Colecovision' (col) from /cores/SmsPlusGX.bin, parse_type=0
CORE: registered 'Videopac / Odyssey2' (videopac) from /cores/o2em.bin, parse_type=0
CORE: registered 'WonderSwan' (wswan) from /cores/oswan.bin, parse_type=0
CORE: registered 'Neo Geo Pocket' (ngp) from /cores/race.bin, parse_type=0
CORE: registered 'PICO-8' (pico8) from /cores/pico8.bin, parse_type=0
CORE: 27 system tab(s) (26 from /cores, capacity 27)
Retro-Go: Initializing emulator 'PICO-8'
gui_resize_list: Resized list 'pico8' from 0 to 1 items
---
odroid_sdcard_get_filesize: fopen failed. path='/data/pico8/celeste.p8.png.sram'
Retro-Go: Starting game: celeste.p8
P8: cold code 107512 bytes in flash @0x90100000 (cached), refs patched: 1 RAM, 5 ITCM, 26 RAM_UC
LCD init done.
odroid_system_init: System ready!
odroid_system_emu_init: Init done. GameId=00000000
P8: RAM free before init: 695 KB
P8: cart /roms/pico8/celeste.p8.png cached @0x9011b000 (34413 bytes)
P8: main pool: 695 KB at 0x24052200..0x24100000
P8: AHB pool: 58 KB at 0x3000D430 (8 KB left to the firmware)
P8: SRD pool: 32 KB at 0x38000000
P8: p8.ram in DTCM at 0x20000000
P8: DTCM pool: 39 KB at 0x20010000
P8: srand seed=0x6abe51c8
P8: ram at 0x20000000 (64KB)
P8: reset
P8: audio_init
P8: 128KB reserve at 0x24052208
P8: back_page in ITCM at 0x0000B6F8 (16KB)
P8: checkpoint 1 - cart extract
PNG cart: PXA compression
P8: checkpoint 2 - extract done res=0
P8: checkpoint 3 - lua_init
P8: lua_init start
P8: lua_newstate...
P8: L=0x20010008
P8: openlibs...
P8: openlibs done
P8: checkpoint 4 - lua_init done
P8: preprocess: got_fruit = __reserve({}, 30)
P8: preprocess: got_fruit = __reserve({}, 30)
P8: preprocess: clouds = __reserve({}, 17)
P8: preprocess: particles = __reserve({}, 25)
P8: preprocess: dead_particles = __reserve({}, 8)
P8: preprocess: dead_particles = __reserve({}, 8)
P8: preprocessor: 6 table pre-size rewrites
P8: luaL_loadbuffer 31556 bytes
P8: lua loaded OK
P8: cart_rom snapshot at 0x3000D438 (17152 bytes)
P8: checkpoint 5 - dump/reload check (L=0x20010008 running=1)
P8: stripped 13KB debug info from bytecode
P8: bytecode dump OK (33149 bytes)
P8: post-compile pool used=304KB free=520KB
P8: lua_init start
P8: lua_newstate...
P8: L=0x20010008
P8: openlibs...
P8: openlibs done
P8: froze 178 globals (2136B), table shrunk from 256 to 4 nodes
P8: pool=825KB used=224KB free=601KB
P8: pool=825KB used=224KB free=601KB
F60 vm=1 dr=1 tot=3 | mem=229/825KB free=596KB gc=74.3KB base=30
F120 vm=1 dr=2 tot=4 | mem=231/825KB free=594KB gc=77.6KB base=30
F180 vm=1 dr=2 tot=4 | mem=235/825KB free=590KB gc=80.9KB base=30
F240 vm=1 dr=2 tot=4 | mem=239/825KB free=586KB gc=84.2KB base=30
F300 vm=1 dr=1 tot=3 | mem=241/825KB free=584KB gc=87.5KB base=30
F360 vm=1 dr=2 tot=4 | mem=245/825KB free=580KB gc=90.7KB base=30
F420 vm=1 dr=1 tot=3 | mem=249/825KB free=576KB gc=94.0KB base=30
F480 vm=1 dr=1 tot=3 | mem=253/825KB free=572KB gc=97.3KB base=30
F540 vm=1 dr=2 tot=4 | mem=255/825KB free=570KB gc=100.6KB base=30
F600 vm=1 dr=2 tot=4 | mem=259/825KB free=566KB gc=103.9KB base=30
F660 vm=1 dr=2 tot=4 | mem=263/825KB free=562KB gc=107.1KB base=30
F720 vm=1 dr=2 tot=4 | mem=265/825KB free=560KB gc=110.4KB base=30
F780 vm=1 dr=2 tot=4 | mem=269/825KB free=556KB gc=113.7KB base=30
F840 vm=1 dr=2 tot=4 | mem=273/825KB free=552KB gc=117.0KB base=30
F900 vm=1 dr=2 tot=4 | mem=277/825KB free=548KB gc=120.3KB base=30
F960 vm=1 dr=2 tot=4 | mem=279/825KB free=546KB gc=123.6KB base=30
F1020 vm=1 dr=1 tot=3 | mem=281/825KB free=544KB gc=126.8KB base=30
F1080 vm=1 dr=1 tot=3 | mem=285/825KB free=540KB gc=130.1KB base=30
F1140 vm=1 dr=2 tot=4 | mem=289/825KB free=535KB gc=133.4KB base=30
F1200 vm=1 dr=2 tot=4 | mem=291/825KB free=533KB gc=136.7KB base=30
F1260 vm=1 dr=2 tot=4 | mem=295/825KB free=529KB gc=139.10KB base=30
F1320 vm=1 dr=1 tot=3 | mem=299/825KB free=525KB gc=143.2KB base=30
F1380 vm=1 dr=2 tot=4 | mem=301/825KB free=523KB gc=146.5KB base=30
F1440 vm=1 dr=1 tot=3 | mem=305/825KB free=519KB gc=149.8KB base=30
F1500 vm=1 dr=1 tot=3 | mem=309/825KB free=515KB gc=153.1KB base=30
F1560 vm=1 dr=2 tot=4 | mem=313/825KB free=511KB gc=156.4KB base=30
F1620 vm=1 dr=2 tot=4 | mem=315/825KB free=509KB gc=159.7KB base=30
F1680 vm=1 dr=2 tot=4 | mem=319/825KB free=505KB gc=162.9KB base=30
F1740 vm=1 dr=2 tot=4 | mem=323/825KB free=501KB gc=166.2KB base=30
F1800 vm=1 dr=2 tot=4 | mem=325/825KB free=499KB gc=169.5KB base=30
F1860 vm=1 dr=2 tot=4 | mem=329/825KB free=495KB gc=172.8KB base=30
F1920 vm=1 dr=2 tot=4 | mem=333/825KB free=491KB gc=176.0KB base=30
F1980 vm=1 dr=2 tot=4 | mem=337/825KB free=487KB gc=179.3KB base=30
---
F2040 vm=1 dr=1 tot=3 | mem=339/825KB free=485KB gc=182.6KB base=30
F2100 vm=1 dr=1 tot=3 | mem=343/825KB free=481KB gc=185.9KB base=30
F2160 vm=1 dr=2 tot=4 | mem=347/825KB free=477KB gc=189.2KB base=30
F2220 vm=1 dr=2 tot=4 | mem=349/825KB free=475KB gc=192.5KB base=30
F2280 vm=1 dr=2 tot=4 | mem=353/825KB free=471KB gc=195.7KB base=30
F2340 vm=1 dr=1 tot=3 | mem=223/825KB free=602KB gc=69.8KB base=30
F2400 vm=1 dr=2 tot=4 | mem=227/825KB free=598KB gc=73.1KB base=30
F2460 vm=1 dr=1 tot=3 | mem=229/825KB free=596KB gc=76.4KB base=30
F2520 vm=1 dr=1 tot=3 | mem=233/825KB free=592KB gc=79.7KB base=30
F2580 vm=1 dr=2 tot=4 | mem=237/825KB free=588KB gc=82.10KB base=30
F2640 vm=1 dr=2 tot=4 | mem=241/825KB free=584KB gc=86.2KB base=30
F2700 vm=1 dr=2 tot=4 | mem=243/825KB free=582KB gc=89.5KB base=30
F2760 vm=1 dr=2 tot=4 | mem=247/825KB free=578KB gc=92.8KB base=30
F2820 vm=1 dr=2 tot=4 | mem=251/825KB free=574KB gc=96.1KB base=30
F2880 vm=1 dr=2 tot=4 | mem=253/825KB free=572KB gc=99.3KB base=30
F2940 vm=1 dr=2 tot=4 | mem=257/825KB free=568KB gc=102.6KB base=30
F3000 vm=1 dr=2 tot=4 | mem=261/825KB free=564KB gc=105.9KB base=30
F3060 vm=1 dr=1 tot=3 | mem=265/825KB free=560KB gc=109.2KB base=30
F3120 vm=1 dr=1 tot=3 | mem=267/825KB free=558KB gc=112.5KB base=30
F3180 vm=1 dr=2 tot=4 | mem=271/825KB free=554KB gc=115.8KB base=30
F3240 vm=1 dr=2 tot=4 | mem=275/825KB free=550KB gc=119.0KB base=30
F3300 vm=1 dr=2 tot=4 | mem=279/825KB free=546KB gc=122.3KB base=30
F3360 vm=1 dr=1 tot=3 | mem=281/825KB free=544KB gc=125.6KB base=30
F3420 vm=1 dr=1 tot=3 | mem=285/825KB free=539KB gc=128.9KB base=30
F3480 vm=1 dr=1 tot=3 | mem=289/825KB free=535KB gc=132.2KB base=30
F3540 vm=1 dr=1 tot=3 | mem=291/825KB free=533KB gc=135.4KB base=30
F3600 vm=1 dr=2 tot=4 | mem=295/825KB free=529KB gc=138.7KB base=30
F3660 vm=1 dr=2 tot=4 | mem=299/825KB free=525KB gc=142.0KB base=30
F3720 vm=1 dr=2 tot=4 | mem=303/825KB free=521KB gc=145.3KB base=30
F3780 vm=1 dr=2 tot=4 | mem=303/825KB free=521KB gc=148.6KB base=30
F3840 vm=1 dr=2 tot=4 | mem=307/825KB free=517KB gc=151.9KB base=30
F3900 vm=1 dr=2 tot=4 | mem=311/825KB free=513KB gc=155.1KB base=30
F3960 vm=1 dr=2 tot=4 | mem=313/825KB free=511KB gc=158.4KB base=30
F4020 vm=1 dr=2 tot=4 | mem=317/825KB free=507KB gc=161.7KB base=30
F4080 vm=1 dr=1 tot=3 | mem=321/825KB free=503KB gc=165.0KB base=30
F4140 vm=1 dr=1 tot=3 | mem=325/825KB free=499KB gc=168.3KB base=30
F4200 vm=1 dr=2 tot=4 | mem=327/825KB free=497KB gc=171.5KB base=30
F4260 vm=1 dr=2 tot=4 | mem=331/825KB free=493KB gc=174.8KB base=30
F4320 vm=1 dr=2 tot=4 | mem=335/825KB free=489KB gc=178.1KB base=30
F4380 vm=1 dr=1 tot=3 | mem=337/825KB free=487KB gc=181.4KB base=30
F4440 vm=1 dr=1 tot=3 | mem=341/825KB free=483KB gc=184.7KB base=30
F4500 vm=1 dr=1 tot=3 | mem=345/825KB free=479KB gc=187.10KB base=30
F4560 vm=1 dr=1 tot=3 | mem=349/825KB free=475KB gc=191.2KB base=30
F4620 vm=1 dr=2 tot=4 | mem=351/825KB free=473KB gc=194.5KB base=30
F4680 vm=1 dr=2 tot=4 | mem=223/825KB free=602KB gc=70.6KB base=30
F4740 vm=1 dr=2 tot=4 | mem=227/825KB free=598KB gc=73.9KB base=30
F4800 vm=1 dr=1 tot=3 | mem=231/825KB free=594KB gc=77.1KB base=30
F4860 vm=1 dr=1 tot=3 | mem=233/825KB free=592KB gc=80.4KB base=30
F4920 vm=1 dr=1 tot=3 | mem=237/825KB free=588KB gc=83.7KB base=30
F4980 vm=1 dr=2 tot=4 | mem=241/825KB free=584KB gc=87.0KB base=30
F5040 vm=1 dr=1 tot=3 | mem=243/825KB free=582KB gc=90.3KB base=30
F5100 vm=1 dr=1 tot=3 | mem=247/825KB free=578KB gc=93.6KB base=30
F5160 vm=1 dr=1 tot=3 | mem=251/825KB free=574KB gc=96.8KB base=30
F5220 vm=1 dr=2 tot=4 | mem=255/825KB free=570KB gc=100.1KB base=30
F5280 vm=1 dr=2 tot=4 | mem=257/825KB free=568KB gc=103.4KB base=30
F5340 vm=1 dr=1 tot=3 | mem=261/825KB free=564KB gc=106.7KB base=30
F5400 vm=1 dr=1 tot=3 | mem=265/825KB free=560KB gc=109.10KB base=30
F5460 vm=1 dr=1 tot=3 | mem=269/825KB free=556KB gc=113.2KB base=30
F5520 vm=1 dr=1 tot=3 | mem=271/825KB free=554KB gc=116.5KB base=30
F5580 vm=1 dr=1 tot=3 | mem=275/825KB free=550KB gc=119.8KB base=30
---
F5640 vm=1 dr=2 tot=4 | mem=279/825KB free=546KB gc=123.1KB base=30
F5700 vm=1 dr=2 tot=4 | mem=281/825KB free=544KB gc=126.4KB base=30
F5760 vm=1 dr=2 tot=3 | mem=285/825KB free=539KB gc=129.7KB base=30
F5820 vm=1 dr=2 tot=3 | mem=289/825KB free=535KB gc=132.9KB base=30
F5880 vm=1 dr=2 tot=3 | mem=293/825KB free=531KB gc=136.2KB base=30
F5940 vm=2 dr=2 tot=5 | mem=329/825KB free=496KB gc=172.0KB base=30
F6000 vm=3 dr=1 tot=4 | mem=346/825KB free=478KB gc=188.7KB base=30
F6060 vm=3 dr=1 tot=4 | mem=240/825KB free=585KB gc=76.8KB base=30
F6120 vm=3 dr=1 tot=4 | mem=249/825KB free=576KB gc=89.5KB base=30
F6180 vm=2 dr=2 tot=5 | mem=260/825KB free=565KB gc=102.1KB base=30
F6240 vm=2 dr=2 tot=5 | mem=271/825KB free=554KB gc=114.8KB base=30
F6300 vm=3 dr=0 tot=3 | mem=286/825KB free=538KB gc=127.5KB base=30
F6360 vm=3 dr=2 tot=5 | mem=299/825KB free=525KB gc=140.1KB base=30
F6420 vm=2 dr=2 tot=5 | mem=314/825KB free=510KB gc=152.8KB base=30
F6480 vm=2 dr=2 tot=5 | mem=327/825KB free=497KB gc=165.4KB base=30
F6540 vm=2 dr=2 tot=5 | mem=342/825KB free=482KB gc=178.1KB base=30
F6600 vm=2 dr=2 tot=5 | mem=355/825KB free=469KB gc=190.7KB base=30
F6660 vm=2 dr=2 tot=5 | mem=252/825KB free=572KB gc=86.5KB base=30
F6720 vm=3 dr=2 tot=6 | mem=261/825KB free=564KB gc=101.2KB base=30
F6780 vm=2 dr=2 tot=5 | mem=277/825KB free=548KB gc=116.0KB base=30
F6840 vm=3 dr=2 tot=6 | mem=294/825KB free=530KB gc=135.1KB base=30
F6900 vm=3 dr=2 tot=6 | mem=313/825KB free=511KB gc=154.3KB base=30
F6960 vm=3 dr=1 tot=5 | mem=332/825KB free=493KB gc=169.1KB base=30
F7020 vm=3 dr=2 tot=6 | mem=350/825KB free=474KB gc=187.1KB base=30
F7080 vm=3 dr=1 tot=5 | mem=249/825KB free=576KB gc=76.2KB base=30
F7140 vm=2 dr=2 tot=5 | mem=252/825KB free=572KB gc=89.9KB base=30
F7200 vm=2 dr=2 tot=4 | mem=262/825KB free=562KB gc=103.3KB base=30
F7260 vm=3 dr=2 tot=6 | mem=308/825KB free=517KB gc=147.10KB base=30
F7320 vm=2 dr=2 tot=5 | mem=321/825KB free=504KB gc=160.6KB base=30
F7380 vm=3 dr=2 tot=5 | mem=336/825KB free=488KB gc=173.3KB base=30
F7440 vm=2 dr=2 tot=5 | mem=347/825KB free=477KB gc=185.9KB base=30
F7500 vm=2 dr=2 tot=5 | mem=362/825KB free=462KB gc=198.6KB base=30
F7560 vm=2 dr=2 tot=5 | mem=243/825KB free=582KB gc=82.0KB base=30
F7620 vm=2 dr=2 tot=5 | mem=252/825KB free=572KB gc=94.7KB base=30
F7680 vm=2 dr=2 tot=5 | mem=265/825KB free=559KB gc=107.3KB base=30
F7740 vm=2 dr=2 tot=5 | mem=278/825KB free=546KB gc=120.0KB base=30
F7800 vm=2 dr=2 tot=5 | mem=291/825KB free=533KB gc=132.7KB base=30
F7860 vm=2 dr=2 tot=5 | mem=304/825KB free=520KB gc=145.3KB base=30
F7920 vm=2 dr=2 tot=5 | mem=319/825KB free=505KB gc=158.0KB base=30
F7980 vm=2 dr=2 tot=5 | mem=333/825KB free=492KB gc=170.6KB base=30
F8040 vm=2 dr=2 tot=5 | mem=348/825KB free=477KB gc=183.3KB base=30
F8100 vm=2 dr=2 tot=5 | mem=361/825KB free=464KB gc=195.9KB base=30
F8160 vm=2 dr=2 tot=5 | mem=243/825KB free=582KB gc=81.6KB base=30
F8220 vm=2 dr=2 tot=5 | mem=250/825KB free=575KB gc=94.3KB base=30
F8280 vm=2 dr=2 tot=5 | mem=265/825KB free=559KB gc=106.9KB base=30
F8340 vm=2 dr=2 tot=5 | mem=278/825KB free=546KB gc=119.6KB base=30
F8400 vm=2 dr=2 tot=5 | mem=291/825KB free=533KB gc=132.2KB base=30
F8460 vm=2 dr=2 tot=5 | mem=304/825KB free=520KB gc=144.9KB base=30
F8520 vm=2 dr=2 tot=5 | mem=319/825KB free=505KB gc=157.5KB base=30
F8580 vm=2 dr=2 tot=5 | mem=332/825KB free=492KB gc=170.2KB base=30
F8640 vm=2 dr=2 tot=5 | mem=346/825KB free=479KB gc=182.9KB base=30
F8700 vm=2 dr=2 tot=5 | mem=361/825KB free=464KB gc=195.5KB base=30
F8760 vm=2 dr=2 tot=5 | mem=243/825KB free=582KB gc=81.2KB base=30
F8820 vm=2 dr=2 tot=5 | mem=250/825KB free=575KB gc=93.9KB base=30
F8880 vm=2 dr=2 tot=5 | mem=265/825KB free=560KB gc=106.5KB base=30
F8940 vm=3 dr=2 tot=5 | mem=278/825KB free=546KB gc=119.1KB base=30
F9000 vm=3 dr=2 tot=5 | mem=291/825KB free=533KB gc=131.8KB base=30
F9060 vm=3 dr=2 tot=5 | mem=304/825KB free=520KB gc=144.5KB base=30
F9120 vm=2 dr=2 tot=5 | mem=319/825KB free=505KB gc=157.1KB base=30
F9180 vm=3 dr=2 tot=5 | mem=332/825KB free=492KB gc=169.8KB base=30
---
F9240 vm=2 dr=2 tot=5 | mem=345/825KB free=479KB gc=182.4KB base=30
F9300 vm=2 dr=2 tot=5 | mem=361/825KB free=464KB gc=195.1KB base=30
F9360 vm=2 dr=2 tot=5 | mem=243/825KB free=582KB gc=80.8KB base=30
F9420 vm=2 dr=2 tot=5 | mem=250/825KB free=575KB gc=93.4KB base=30
F9480 vm=2 dr=2 tot=5 | mem=263/825KB free=562KB gc=106.1KB base=30
F9540 vm=2 dr=2 tot=5 | mem=278/825KB free=547KB gc=118.7KB base=30
F9600 vm=2 dr=2 tot=5 | mem=291/825KB free=533KB gc=131.4KB base=30
F9660 vm=2 dr=2 tot=5 | mem=304/825KB free=520KB gc=144.0KB base=30
F9720 vm=2 dr=2 tot=5 | mem=317/825KB free=507KB gc=156.7KB base=30
F9780 vm=2 dr=2 tot=5 | mem=330/825KB free=494KB gc=169.4KB base=30
F9840 vm=2 dr=2 tot=5 | mem=345/825KB free=479KB gc=182.0KB base=30
F9900 vm=2 dr=2 tot=5 | mem=360/825KB free=464KB gc=194.7KB base=30
F9960 vm=2 dr=2 tot=5 | mem=243/825KB free=582KB gc=80.3KB base=30
F10020 vm=3 dr=2 tot=5 | mem=250/825KB free=575KB gc=93.0KB base=30
F10080 vm=3 dr=2 tot=5 | mem=263/825KB free=562KB gc=105.7KB base=30
F10140 vm=2 dr=2 tot=5 | mem=276/825KB free=549KB gc=118.3KB base=30
F10200 vm=3 dr=2 tot=5 | mem=291/825KB free=534KB gc=131.0KB base=30
F10260 vm=2 dr=2 tot=5 | mem=304/825KB free=520KB gc=143.6KB base=30
F10320 vm=2 dr=2 tot=5 | mem=317/825KB free=507KB gc=156.3KB base=30
F10380 vm=2 dr=2 tot=5 | mem=330/825KB free=494KB gc=168.9KB base=30
F10440 vm=2 dr=2 tot=5 | mem=345/825KB free=479KB gc=181.6KB base=30
F10500 vm=3 dr=2 tot=5 | mem=360/825KB free=464KB gc=194.2KB base=30
F10560 vm=2 dr=2 tot=5 | mem=242/825KB free=582KB gc=79.9KB base=30
F10620 vm=2 dr=2 tot=5 | mem=250/825KB free=575KB gc=92.6KB base=30
F10680 vm=2 dr=2 tot=5 | mem=263/825KB free=562KB gc=105.2KB base=30
F10740 vm=2 dr=2 tot=5 | mem=276/825KB free=549KB gc=117.9KB base=30
F10800 vm=2 dr=2 tot=5 | mem=289/825KB free=536KB gc=130.5KB base=30
F10860 vm=2 dr=2 tot=5 | mem=304/825KB free=521KB gc=143.2KB base=30
F10920 vm=2 dr=2 tot=5 | mem=317/825KB free=507KB gc=155.9KB base=30
F10980 vm=2 dr=2 tot=5 | mem=330/825KB free=494KB gc=168.5KB base=30
F11040 vm=3 dr=2 tot=5 | mem=343/825KB free=481KB gc=181.2KB base=30
F11100 vm=2 dr=2 tot=5 | mem=360/825KB free=464KB gc=193.8KB base=30
F11160 vm=2 dr=2 tot=5 | mem=242/825KB free=582KB gc=79.5KB base=30
F11220 vm=2 dr=2 tot=5 | mem=249/825KB free=575KB gc=92.1KB base=30
F11280 vm=2 dr=2 tot=5 | mem=262/825KB free=562KB gc=104.8KB base=30
F11340 vm=2 dr=2 tot=5 | mem=274/825KB free=551KB gc=117.5KB base=30
F11400 vm=2 dr=2 tot=5 | mem=289/825KB free=536KB gc=130.1KB base=30
F11460 vm=2 dr=2 tot=5 | mem=304/825KB free=521KB gc=142.8KB base=30
F11520 vm=2 dr=2 tot=5 | mem=317/825KB free=508KB gc=155.4KB base=30
F11580 vm=3 dr=2 tot=5 | mem=330/825KB free=495KB gc=168.1KB base=30
F11640 vm=2 dr=2 tot=5 | mem=343/825KB free=481KB gc=180.8KB base=30
F11700 vm=2 dr=2 tot=5 | mem=358/825KB free=466KB gc=193.4KB base=30
F11760 vm=3 dr=2 tot=5 | mem=242/825KB free=582KB gc=79.1KB base=30
F11820 vm=2 dr=2 tot=5 | mem=249/825KB free=575KB gc=91.7KB base=30
F11880 vm=2 dr=2 tot=5 | mem=260/825KB free=564KB gc=104.4KB base=30
F11940 vm=2 dr=2 tot=5 | mem=273/825KB free=551KB gc=117.0KB base=30
F12000 vm=3 dr=2 tot=5 | mem=289/825KB free=536KB gc=129.7KB base=30
F12060 vm=3 dr=2 tot=5 | mem=304/825KB free=521KB gc=142.4KB base=30
F12120 vm=2 dr=2 tot=5 | mem=317/825KB free=508KB gc=155.0KB base=30
F12180 vm=2 dr=2 tot=5 | mem=330/825KB free=495KB gc=167.7KB base=30
F12240 vm=2 dr=2 tot=5 | mem=343/825KB free=482KB gc=180.3KB base=30
F12300 vm=2 dr=2 tot=5 | mem=358/825KB free=466KB gc=193.0KB base=30
F12360 vm=2 dr=2 tot=5 | mem=242/825KB free=582KB gc=78.7KB base=30
F12420 vm=2 dr=2 tot=5 | mem=249/825KB free=575KB gc=91.3KB base=30
F12480 vm=2 dr=2 tot=5 | mem=260/825KB free=564KB gc=104.0KB base=30
F12540 vm=2 dr=2 tot=5 | mem=273/825KB free=551KB gc=116.6KB base=30
F12600 vm=2 dr=2 tot=5 | mem=286/825KB free=538KB gc=129.3KB base=30
F12660 vm=2 dr=2 tot=5 | mem=304/825KB free=521KB gc=141.9KB base=30
F12720 vm=2 dr=2 tot=5 | mem=317/825KB free=508KB gc=154.6KB base=30
---
F12780 vm=2 dr=2 tot=5 | mem=328/825KB free=497KB gc=167.2KB base=30
F12840 vm=3 dr=2 tot=5 | mem=343/825KB free=482KB gc=179.9KB base=30
F12900 vm=3 dr=2 tot=5 | mem=356/825KB free=469KB gc=192.6KB base=30
F12960 vm=2 dr=2 tot=5 | mem=242/825KB free=582KB gc=78.2KB base=30
F13020 vm=3 dr=2 tot=5 | mem=249/825KB free=575KB gc=90.9KB base=30
F13080 vm=2 dr=2 tot=5 | mem=260/825KB free=564KB gc=103.5KB base=30
F13140 vm=2 dr=2 tot=5 | mem=273/825KB free=551KB gc=116.2KB base=30
F13200 vm=2 dr=2 tot=5 | mem=286/825KB free=538KB gc=128.9KB base=30
F13260 vm=3 dr=2 tot=5 | mem=303/825KB free=521KB gc=141.5KB base=30
F13320 vm=2 dr=2 tot=5 | mem=317/825KB free=508KB gc=154.2KB base=30
F13380 vm=2 dr=2 tot=5 | mem=328/825KB free=497KB gc=166.8KB base=30
F13440 vm=2 dr=2 tot=5 | mem=343/825KB free=482KB gc=179.5KB base=30
F13500 vm=2 dr=2 tot=5 | mem=356/825KB free=469KB gc=192.1KB base=30
F13560 vm=3 dr=2 tot=5 | mem=242/825KB free=583KB gc=77.8KB base=30
F13620 vm=2 dr=2 tot=5 | mem=249/825KB free=575KB gc=90.5KB base=30
F13680 vm=2 dr=2 tot=5 | mem=260/825KB free=564KB gc=103.1KB base=30
F13740 vm=2 dr=2 tot=5 | mem=273/825KB free=551KB gc=115.8KB base=30
F13800 vm=2 dr=2 tot=5 | mem=286/825KB free=538KB gc=128.4KB base=30
F13860 vm=2 dr=2 tot=5 | mem=301/825KB free=523KB gc=141.1KB base=30
F13920 vm=2 dr=2 tot=5 | mem=314/825KB free=510KB gc=153.8KB base=30
F13980 vm=2 dr=2 tot=5 | mem=328/825KB free=497KB gc=166.4KB base=30
F14040 vm=2 dr=2 tot=5 | mem=343/825KB free=482KB gc=179.1KB base=30
F14100 vm=2 dr=2 tot=5 | mem=356/825KB free=469KB gc=191.7KB base=30
F14160 vm=2 dr=2 tot=5 | mem=242/825KB free=583KB gc=77.4KB base=30
F14220 vm=2 dr=2 tot=5 | mem=249/825KB free=576KB gc=90.0KB base=30
F14280 vm=3 dr=2 tot=5 | mem=260/825KB free=564KB gc=102.7KB base=30
F14340 vm=3 dr=2 tot=5 | mem=273/825KB free=551KB gc=115.4KB base=30
F14400 vm=3 dr=2 tot=5 | mem=286/825KB free=538KB gc=128.0KB base=30
F14460 vm=3 dr=2 tot=5 | mem=299/825KB free=525KB gc=140.7KB base=30
F14520 vm=3 dr=2 tot=5 | mem=314/825KB free=510KB gc=153.3KB base=30
F14580 vm=2 dr=2 tot=5 | mem=327/825KB free=497KB gc=166.0KB base=30
F14640 vm=3 dr=2 tot=5 | mem=343/825KB free=482KB gc=178.6KB base=30
F14700 vm=3 dr=2 tot=5 | mem=356/825KB free=469KB gc=191.3KB base=30
F14760 vm=3 dr=2 tot=5 | mem=242/825KB free=583KB gc=77.0KB base=30
F14820 vm=3 dr=2 tot=5 | mem=249/825KB free=576KB gc=89.6KB base=30
F14880 vm=2 dr=2 tot=5 | mem=260/825KB free=565KB gc=102.3KB base=30
F14940 vm=2 dr=2 tot=5 | mem=271/825KB free=554KB gc=114.9KB base=30
F15000 vm=2 dr=2 tot=5 | mem=286/825KB free=538KB gc=127.6KB base=30
F15060 vm=3 dr=2 tot=5 | mem=299/825KB free=525KB gc=140.2KB base=30
F15120 vm=3 dr=2 tot=5 | mem=314/825KB free=510KB gc=152.9KB base=30
F15180 vm=2 dr=2 tot=5 | mem=327/825KB free=497KB gc=165.6KB base=30
F15240 vm=3 dr=2 tot=5 | mem=342/825KB free=482KB gc=178.2KB base=30
F15300 vm=3 dr=2 tot=5 | mem=356/825KB free=469KB gc=190.9KB base=30
F15360 vm=3 dr=2 tot=5 | mem=242/825KB free=583KB gc=76.5KB base=30
F15420 vm=2 dr=2 tot=5 | mem=249/825KB free=576KB gc=89.2KB base=30
F15480 vm=2 dr=2 tot=5 | mem=260/825KB free=565KB gc=101.9KB base=30
F15540 vm=3 dr=2 tot=5 | mem=271/825KB free=554KB gc=114.5KB base=30
F15600 vm=2 dr=2 tot=5 | mem=286/825KB free=539KB gc=127.2KB base=30
F15660 vm=3 dr=2 tot=5 | mem=299/825KB free=525KB gc=139.8KB base=30
F15720 vm=3 dr=2 tot=5 | mem=314/825KB free=510KB gc=152.5KB base=30
F15780 vm=3 dr=2 tot=5 | mem=327/825KB free=497KB gc=165.1KB base=30
F15840 vm=3 dr=2 tot=5 | mem=340/825KB free=484KB gc=177.8KB base=30
F15900 vm=3 dr=2 tot=5 | mem=355/825KB free=469KB gc=190.5KB base=30
F15960 vm=2 dr=2 tot=5 | mem=242/825KB free=583KB gc=76.1KB base=30
F16020 vm=2 dr=2 tot=5 | mem=247/825KB free=578KB gc=88.8KB base=30
F16080 vm=3 dr=2 tot=5 | mem=260/825KB free=565KB gc=101.4KB base=30
F16140 vm=2 dr=2 tot=5 | mem=271/825KB free=554KB gc=114.1KB base=30
F16200 vm=3 dr=2 tot=5 | mem=286/825KB free=539KB gc=126.8KB base=30
F16260 vm=3 dr=2 tot=5 | mem=299/825KB free=526KB gc=139.4KB base=30
---
F16320 vm=3 dr=2 tot=5 | mem=312/825KB free=512KB gc=152.1KB base=30
F16380 vm=3 dr=2 tot=5 | mem=327/825KB free=497KB gc=164.7KB base=30
F16440 vm=2 dr=2 tot=5 | mem=340/825KB free=484KB gc=177.4KB base=30
F16500 vm=2 dr=2 tot=5 | mem=355/825KB free=469KB gc=190.0KB base=30
F16560 vm=3 dr=2 tot=5 | mem=241/825KB free=583KB gc=75.7KB base=30
F16620 vm=2 dr=2 tot=5 | mem=246/825KB free=578KB gc=88.4KB base=30
F16680 vm=3 dr=2 tot=5 | mem=260/825KB free=565KB gc=101.0KB base=30
F16740 vm=2 dr=2 tot=5 | mem=271/825KB free=554KB gc=113.7KB base=30
F16800 vm=3 dr=2 tot=5 | mem=286/825KB free=539KB gc=126.3KB base=30
F16860 vm=3 dr=2 tot=5 | mem=299/825KB free=526KB gc=139.0KB base=30
F16920 vm=2 dr=2 tot=5 | mem=310/825KB free=515KB gc=151.6KB base=30
F16980 vm=2 dr=2 tot=5 | mem=327/825KB free=497KB gc=164.3KB base=30
F17040 vm=2 dr=2 tot=5 | mem=340/825KB free=484KB gc=176.10KB base=30
F17100 vm=3 dr=2 tot=5 | mem=355/825KB free=469KB gc=189.6KB base=30
F17160 vm=3 dr=2 tot=5 | mem=241/825KB free=583KB gc=75.3KB base=30
F17220 vm=3 dr=2 tot=5 | mem=246/825KB free=578KB gc=87.9KB base=30
F17280 vm=3 dr=2 tot=5 | mem=259/825KB free=565KB gc=100.6KB base=30
F17340 vm=3 dr=2 tot=5 | mem=271/825KB free=554KB gc=113.2KB base=30
F17400 vm=3 dr=2 tot=5 | mem=286/825KB free=539KB gc=125.9KB base=30
F17460 vm=3 dr=2 tot=5 | mem=299/825KB free=526KB gc=138.6KB base=30
F17520 vm=3 dr=2 tot=5 | mem=310/825KB free=515KB gc=151.2KB base=30
F17580 vm=3 dr=2 tot=5 | mem=325/825KB free=500KB gc=163.9KB base=30
F17640 vm=3 dr=2 tot=5 | mem=340/825KB free=484KB gc=176.5KB base=30
F17700 vm=3 dr=2 tot=5 | mem=355/825KB free=469KB gc=189.2KB base=30
F17760 vm=2 dr=2 tot=5 | mem=241/825KB free=583KB gc=74.9KB base=30
F17820 vm=3 dr=2 tot=5 | mem=246/825KB free=578KB gc=87.5KB base=30
F17880 vm=3 dr=2 tot=5 | mem=257/825KB free=567KB gc=100.2KB base=30
F17940 vm=2 dr=2 tot=5 | mem=270/825KB free=554KB gc=112.8KB base=30
F18000 vm=2 dr=2 tot=5 | mem=284/825KB free=541KB gc=125.5KB base=30
F18060 vm=2 dr=2 tot=5 | mem=299/825KB free=526KB gc=138.1KB base=30
F18120 vm=3 dr=2 tot=5 | mem=310/825KB free=515KB gc=150.8KB base=30
F18180 vm=3 dr=2 tot=5 | mem=325/825KB free=500KB gc=163.5KB base=30
F18240 vm=3 dr=2 tot=5 | mem=340/825KB free=485KB gc=176.1KB base=30
F18300 vm=3 dr=2 tot=5 | mem=353/825KB free=471KB gc=188.8KB base=30
F18360 vm=3 dr=2 tot=5 | mem=241/825KB free=583KB gc=74.4KB base=30
F18420 vm=3 dr=2 tot=5 | mem=246/825KB free=578KB gc=87.1KB base=30
F18480 vm=3 dr=2 tot=5 | mem=257/825KB free=567KB gc=99.8KB base=30
F18540 vm=3 dr=2 tot=5 | mem=270/825KB free=554KB gc=112.4KB base=30
F18600 vm=3 dr=2 tot=5 | mem=283/825KB free=541KB gc=125.1KB base=30
F18660 vm=2 dr=2 tot=5 | mem=299/825KB free=526KB gc=137.7KB base=30
F18720 vm=2 dr=2 tot=5 | mem=310/825KB free=515KB gc=150.4KB base=30
F18780 vm=3 dr=2 tot=5 | mem=325/825KB free=500KB gc=163.0KB base=30
F18840 vm=2 dr=2 tot=5 | mem=340/825KB free=485KB gc=175.7KB base=30
F18900 vm=3 dr=2 tot=5 | mem=351/825KB free=474KB gc=188.3KB base=30
F18960 vm=3 dr=2 tot=5 | mem=241/825KB free=583KB gc=74.0KB base=30
F19020 vm=2 dr=2 tot=5 | mem=246/825KB free=578KB gc=86.7KB base=30
F19080 vm=2 dr=2 tot=5 | mem=255/825KB free=569KB gc=99.3KB base=30
F19140 vm=3 dr=2 tot=5 | mem=268/825KB free=556KB gc=112.0KB base=30
F19200 vm=3 dr=2 tot=5 | mem=283/825KB free=541KB gc=124.6KB base=30
F19260 vm=3 dr=2 tot=5 | mem=298/825KB free=526KB gc=137.3KB base=30
F19320 vm=3 dr=2 tot=5 | mem=310/825KB free=515KB gc=149.10KB base=30
F19380 vm=3 dr=2 tot=5 | mem=325/825KB free=500KB gc=162.6KB base=30
F19440 vm=3 dr=2 tot=5 | mem=338/825KB free=487KB gc=175.3KB base=30
F19500 vm=2 dr=2 tot=5 | mem=351/825KB free=474KB gc=187.9KB base=30
F19560 vm=2 dr=2 tot=5 | mem=241/825KB free=584KB gc=73.6KB base=30
F19620 vm=3 dr=2 tot=5 | mem=246/825KB free=578KB gc=86.2KB base=30
F19680 vm=2 dr=2 tot=5 | mem=255/825KB free=569KB gc=98.9KB base=30
F19740 vm=3 dr=2 tot=5 | mem=268/825KB free=556KB gc=111.6KB base=30
F19800 vm=3 dr=2 tot=5 | mem=283/825KB free=541KB gc=124.2KB base=30
---
F19860 vm=3 dr=2 tot=5 | mem=298/825KB free=526KB gc=136.9KB base=30
F19920 vm=3 dr=2 tot=5 | mem=309/825KB free=515KB gc=149.5KB base=30
F19980 vm=3 dr=2 tot=5 | mem=323/825KB free=502KB gc=162.2KB base=30
F20040 vm=3 dr=2 tot=5 | mem=338/825KB free=487KB gc=174.9KB base=30
F20100 vm=3 dr=2 tot=5 | mem=351/825KB free=474KB gc=187.5KB base=30
F20160 vm=3 dr=2 tot=5 | mem=241/825KB free=584KB gc=73.2KB base=30
F20220 vm=3 dr=2 tot=5 | mem=246/825KB free=579KB gc=85.8KB base=30
F20280 vm=3 dr=2 tot=5 | mem=255/825KB free=570KB gc=98.5KB base=30
F20340 vm=3 dr=2 tot=5 | mem=268/825KB free=556KB gc=111.1KB base=30
F20400 vm=3 dr=2 tot=5 | mem=283/825KB free=541KB gc=123.8KB base=30
F20460 vm=3 dr=2 tot=5 | mem=298/825KB free=526KB gc=136.5KB base=30
F20520 vm=3 dr=2 tot=5 | mem=309/825KB free=515KB gc=149.1KB base=30
F20580 vm=2 dr=2 tot=5 | mem=322/825KB free=502KB gc=161.8KB base=30
F20640 vm=2 dr=2 tot=5 | mem=338/825KB free=487KB gc=174.4KB base=30
F20700 vm=2 dr=2 tot=5 | mem=351/825KB free=474KB gc=187.1KB base=30
F20760 vm=3 dr=2 tot=5 | mem=241/825KB free=584KB gc=72.8KB base=30
F20820 vm=2 dr=2 tot=5 | mem=246/825KB free=579KB gc=85.4KB base=30
F20880 vm=3 dr=2 tot=5 | mem=255/825KB free=570KB gc=98.1KB base=30
F20940 vm=3 dr=2 tot=5 | mem=268/825KB free=557KB gc=110.7KB base=30
F21000 vm=3 dr=2 tot=5 | mem=281/825KB free=543KB gc=123.4KB base=30
F21060 vm=2 dr=2 tot=5 | mem=294/825KB free=530KB gc=136.0KB base=30
F21120 vm=2 dr=2 tot=5 | mem=309/825KB free=515KB gc=148.7KB base=30
F21180 vm=3 dr=2 tot=5 | mem=322/825KB free=502KB gc=161.3KB base=30
F21240 vm=3 dr=2 tot=5 | mem=337/825KB free=487KB gc=174.0KB base=30
F21300 vm=3 dr=2 tot=5 | mem=348/825KB free=476KB gc=186.7KB base=30
F21360 vm=3 dr=2 tot=5 | mem=366/825KB free=459KB gc=199.3KB base=30
F21420 vm=3 dr=2 tot=5 | mem=246/825KB free=579KB gc=85.0KB base=30
F21480 vm=2 dr=2 tot=5 | mem=255/825KB free=570KB gc=97.6KB base=30
F21540 vm=3 dr=2 tot=5 | mem=268/825KB free=557KB gc=110.3KB base=30
F21600 vm=3 dr=2 tot=5 | mem=281/825KB free=544KB gc=122.10KB base=30
F21660 vm=3 dr=2 tot=5 | mem=294/825KB free=530KB gc=135.6KB base=30
F21720 vm=3 dr=2 tot=5 | mem=309/825KB free=515KB gc=148.3KB base=30
F21780 vm=3 dr=2 tot=5 | mem=322/825KB free=502KB gc=160.9KB base=30
F21840 vm=3 dr=2 tot=5 | mem=337/825KB free=487KB gc=173.6KB base=30
F21900 vm=2 dr=2 tot=5 | mem=348/825KB free=476KB gc=186.2KB base=30
F21960 vm=3 dr=2 tot=5 | mem=363/825KB free=461KB gc=198.9KB base=30
F22020 vm=2 dr=2 tot=5 | mem=246/825KB free=579KB gc=84.6KB base=30
F22080 vm=2 dr=2 tot=5 | mem=255/825KB free=570KB gc=97.2KB base=30
F22140 vm=2 dr=2 tot=5 | mem=266/825KB free=559KB gc=109.9KB base=30
F22200 vm=3 dr=2 tot=5 | mem=281/825KB free=544KB gc=122.5KB base=30
F22260 vm=3 dr=2 tot=5 | mem=294/825KB free=531KB gc=135.2KB base=30
F22320 vm=3 dr=2 tot=5 | mem=309/825KB free=515KB gc=147.9KB base=30
F22380 vm=3 dr=2 tot=5 | mem=322/825KB free=502KB gc=160.5KB base=30
F22440 vm=3 dr=2 tot=5 | mem=337/825KB free=487KB gc=173.1KB base=30
F22500 vm=3 dr=2 tot=5 | mem=348/825KB free=476KB gc=185.8KB base=30
F22560 vm=3 dr=2 tot=5 | mem=361/825KB free=463KB gc=198.5KB base=30
F22620 vm=3 dr=2 tot=5 | mem=245/825KB free=579KB gc=84.1KB base=30
F22680 vm=3 dr=2 tot=5 | mem=255/825KB free=570KB gc=96.8KB base=30
F22740 vm=3 dr=2 tot=5 | mem=266/825KB free=559KB gc=109.5KB base=30
F22800 vm=3 dr=2 tot=5 | mem=281/825KB free=544KB gc=122.1KB base=30
F22860 vm=3 dr=2 tot=5 | mem=292/825KB free=533KB gc=134.8KB base=30
F22920 vm=3 dr=2 tot=5 | mem=309/825KB free=516KB gc=147.4KB base=30
F22980 vm=3 dr=2 tot=5 | mem=322/825KB free=502KB gc=160.1KB base=30
F23040 vm=3 dr=2 tot=5 | mem=335/825KB free=489KB gc=172.7KB base=30
F23100 vm=3 dr=2 tot=5 | mem=348/825KB free=476KB gc=185.4KB base=30
F23160 vm=3 dr=2 tot=5 | mem=361/825KB free=463KB gc=198.0KB base=30
F23220 vm=3 dr=2 tot=5 | mem=243/825KB free=581KB gc=83.7KB base=30
F23280 vm=3 dr=2 tot=5 | mem=254/825KB free=570KB gc=96.4KB base=30
F23340 vm=3 dr=2 tot=5 | mem=266/825KB free=559KB gc=109.0KB base=30
---
F23400 vm=3 dr=2 tot=5 | mem=281/825KB free=544KB gc=121.7KB base=30
F23460 vm=3 dr=2 tot=5 | mem=292/825KB free=533KB gc=134.3KB base=30
F23520 vm=3 dr=2 tot=5 | mem=309/825KB free=516KB gc=147.0KB base=30
F23580 vm=3 dr=2 tot=5 | mem=322/825KB free=503KB gc=159.7KB base=30
F23640 vm=3 dr=2 tot=5 | mem=335/825KB free=489KB gc=172.3KB base=30
F23700 vm=3 dr=2 tot=5 | mem=348/825KB free=476KB gc=185.0KB base=30
F23760 vm=2 dr=2 tot=5 | mem=361/825KB free=463KB gc=197.6KB base=30
F23820 vm=3 dr=2 tot=5 | mem=243/825KB free=581KB gc=83.3KB base=30
F23880 vm=3 dr=2 tot=5 | mem=254/825KB free=570KB gc=95.10KB base=30
F23940 vm=3 dr=2 tot=5 | mem=265/825KB free=559KB gc=108.6KB base=30
F24000 vm=3 dr=2 tot=5 | mem=281/825KB free=544KB gc=121.3KB base=30
F24060 vm=3 dr=2 tot=5 | mem=292/825KB free=533KB gc=133.9KB base=30
F24120 vm=3 dr=2 tot=5 | mem=305/825KB free=520KB gc=146.6KB base=30
F24180 vm=3 dr=2 tot=5 | mem=322/825KB free=503KB gc=159.2KB base=30
F24240 vm=3 dr=2 tot=5 | mem=335/825KB free=490KB gc=171.9KB base=30
F24300 vm=2 dr=2 tot=5 | mem=348/825KB free=476KB gc=184.5KB base=30
F24360 vm=3 dr=2 tot=5 | mem=361/825KB free=463KB gc=197.2KB base=30
F24420 vm=3 dr=2 tot=5 | mem=243/825KB free=581KB gc=82.9KB base=30
F24480 vm=3 dr=2 tot=5 | mem=254/825KB free=570KB gc=95.5KB base=30
F24540 vm=3 dr=2 tot=5 | mem=265/825KB free=559KB gc=108.2KB base=30
F24600 vm=3 dr=2 tot=5 | mem=280/825KB free=544KB gc=120.9KB base=30
F24660 vm=3 dr=2 tot=5 | mem=291/825KB free=533KB gc=133.5KB base=30
F24720 vm=3 dr=2 tot=5 | mem=305/825KB free=520KB gc=146.1KB base=30
F24780 vm=3 dr=2 tot=5 | mem=322/825KB free=503KB gc=158.8KB base=30
F24840 vm=3 dr=2 tot=5 | mem=335/825KB free=490KB gc=171.5KB base=30
F24900 vm=3 dr=2 tot=5 | mem=348/825KB free=477KB gc=184.1KB base=30
F24960 vm=3 dr=2 tot=5 | mem=361/825KB free=464KB gc=196.8KB base=30
F25020 vm=3 dr=2 tot=5 | mem=243/825KB free=581KB gc=82.5KB base=30
F25080 vm=3 dr=2 tot=5 | mem=254/825KB free=570KB gc=95.1KB base=30
F25140 vm=2 dr=2 tot=5 | mem=265/825KB free=559KB gc=107.8KB base=30
F25200 vm=2 dr=2 tot=5 | mem=278/825KB free=546KB gc=120.4KB base=30
F25260 vm=3 dr=2 tot=5 | mem=291/825KB free=533KB gc=133.1KB base=30
F25320 vm=3 dr=2 tot=5 | mem=304/825KB free=520KB gc=145.7KB base=30
F25380 vm=3 dr=2 tot=5 | mem=322/825KB free=503KB gc=158.4KB base=30
F25440 vm=3 dr=2 tot=5 | mem=333/825KB free=492KB gc=171.0KB base=30
F25500 vm=3 dr=2 tot=5 | mem=348/825KB free=477KB gc=183.7KB base=30
F25560 vm=3 dr=2 tot=5 | mem=361/825KB free=464KB gc=196.4KB base=30
F25620 vm=3 dr=2 tot=5 | mem=243/825KB free=582KB gc=82.0KB base=30
F25680 vm=3 dr=2 tot=5 | mem=252/825KB free=572KB gc=94.7KB base=30
F25740 vm=3 dr=2 tot=5 | mem=265/825KB free=559KB gc=107.3KB base=30
F25800 vm=3 dr=2 tot=5 | mem=278/825KB free=546KB gc=120.0KB base=30
F25860 vm=3 dr=2 tot=5 | mem=291/825KB free=533KB gc=132.7KB base=30
F25920 vm=3 dr=2 tot=5 | mem=304/825KB free=520KB gc=145.3KB base=30
F25980 vm=3 dr=2 tot=5 | mem=319/825KB free=505KB gc=158.0KB base=30
F26040 vm=3 dr=2 tot=5 | mem=333/825KB free=492KB gc=170.6KB base=30
F26100 vm=3 dr=2 tot=5 | mem=348/825KB free=477KB gc=183.3KB base=30
F26160 vm=2 dr=2 tot=5 | mem=361/825KB free=464KB gc=195.9KB base=30
F26220 vm=2 dr=2 tot=5 | mem=243/825KB free=582KB gc=81.6KB base=30
F26280 vm=3 dr=2 tot=5 | mem=250/825KB free=575KB gc=94.3KB base=30
F26340 vm=3 dr=2 tot=5 | mem=265/825KB free=559KB gc=106.9KB base=30
F26400 vm=3 dr=2 tot=5 | mem=278/825KB free=546KB gc=119.6KB base=30
F26460 vm=3 dr=2 tot=5 | mem=291/825KB free=533KB gc=132.2KB base=30
F26520 vm=3 dr=2 tot=5 | mem=304/825KB free=520KB gc=144.9KB base=30
F26580 vm=3 dr=2 tot=5 | mem=319/825KB free=505KB gc=157.5KB base=30
F26640 vm=3 dr=2 tot=5 | mem=332/825KB free=492KB gc=170.2KB base=30
F26700 vm=3 dr=2 tot=5 | mem=346/825KB free=479KB gc=182.9KB base=30
F26760 vm=3 dr=2 tot=5 | mem=361/825KB free=464KB gc=195.5KB base=30
F26820 vm=2 dr=2 tot=5 | mem=243/825KB free=582KB gc=81.2KB base=30
F26880 vm=3 dr=2 tot=5 | mem=250/825KB free=575KB gc=93.9KB base=30
---
F26940 vm=3 dr=2 tot=5 | mem=265/825KB free=560KB gc=106.5KB base=30
F27000 vm=3 dr=1 tot=4 | mem=278/825KB free=546KB gc=119.1KB base=30
F27060 vm=3 dr=1 tot=4 | mem=291/825KB free=533KB gc=131.8KB base=30
F27120 vm=3 dr=2 tot=5 | mem=304/825KB free=520KB gc=144.5KB base=30
F27180 vm=2 dr=2 tot=5 | mem=319/825KB free=505KB gc=157.1KB base=30
F27240 vm=2 dr=2 tot=5 | mem=332/825KB free=492KB gc=169.8KB base=30
F27300 vm=3 dr=2 tot=5 | mem=345/825KB free=479KB gc=182.4KB base=30
F27360 vm=3 dr=2 tot=5 | mem=361/825KB free=464KB gc=195.1KB base=30
F27420 vm=3 dr=2 tot=5 | mem=243/825KB free=582KB gc=80.8KB base=30
F27480 vm=3 dr=2 tot=5 | mem=250/825KB free=575KB gc=93.4KB base=30
F27540 vm=3 dr=2 tot=5 | mem=263/825KB free=562KB gc=106.1KB base=30
F27600 vm=3 dr=2 tot=5 | mem=278/825KB free=547KB gc=118.7KB base=30
F27660 vm=3 dr=2 tot=5 | mem=291/825KB free=533KB gc=131.4KB base=30
F27720 vm=3 dr=2 tot=5 | mem=304/825KB free=520KB gc=144.0KB base=30
F27780 vm=3 dr=2 tot=5 | mem=317/825KB free=507KB gc=156.7KB base=30
F27840 vm=2 dr=2 tot=5 | mem=330/825KB free=494KB gc=169.4KB base=30
F27900 vm=3 dr=2 tot=5 | mem=345/825KB free=479KB gc=182.0KB base=30
F27960 vm=3 dr=2 tot=5 | mem=360/825KB free=464KB gc=194.7KB base=30
F28020 vm=3 dr=2 tot=5 | mem=243/825KB free=582KB gc=80.3KB base=30
F28080 vm=3 dr=2 tot=5 | mem=250/825KB free=575KB gc=93.0KB base=30
F28140 vm=3 dr=2 tot=5 | mem=263/825KB free=562KB gc=105.7KB base=30
F28200 vm=3 dr=2 tot=5 | mem=276/825KB free=549KB gc=118.3KB base=30
F28260 vm=2 dr=2 tot=5 | mem=291/825KB free=534KB gc=131.0KB base=30
F28320 vm=3 dr=2 tot=5 | mem=304/825KB free=520KB gc=143.6KB base=30
F28380 vm=3 dr=1 tot=4 | mem=317/825KB free=507KB gc=156.3KB base=30
F28440 vm=3 dr=2 tot=5 | mem=330/825KB free=494KB gc=168.9KB base=30
F28500 vm=3 dr=2 tot=5 | mem=345/825KB free=479KB gc=181.6KB base=30
F28560 vm=3 dr=1 tot=4 | mem=360/825KB free=464KB gc=194.2KB base=30
F28620 vm=3 dr=1 tot=4 | mem=242/825KB free=582KB gc=79.9KB base=30
F28680 vm=3 dr=1 tot=4 | mem=250/825KB free=575KB gc=92.6KB base=30
F28740 vm=3 dr=2 tot=5 | mem=263/825KB free=562KB gc=105.2KB base=30
F28800 vm=3 dr=2 tot=5 | mem=276/825KB free=549KB gc=117.9KB base=30
F28860 vm=3 dr=2 tot=5 | mem=289/825KB free=536KB gc=130.5KB base=30
F28920 vm=3 dr=2 tot=5 | mem=304/825KB free=521KB gc=143.2KB base=30
F28980 vm=3 dr=2 tot=5 | mem=317/825KB free=507KB gc=155.9KB base=30
F29040 vm=3 dr=2 tot=5 | mem=330/825KB free=494KB gc=168.5KB base=30
F29100 vm=3 dr=2 tot=5 | mem=343/825KB free=481KB gc=181.2KB base=30
F29160 vm=3 dr=2 tot=5 | mem=360/825KB free=464KB gc=193.8KB base=30
F29220 vm=3 dr=2 tot=5 | mem=242/825KB free=582KB gc=79.5KB base=30
F29280 vm=3 dr=2 tot=5 | mem=249/825KB free=575KB gc=92.1KB base=30
F29340 vm=3 dr=2 tot=5 | mem=262/825KB free=562KB gc=104.8KB base=30
F29400 vm=3 dr=1 tot=4 | mem=274/825KB free=551KB gc=117.5KB base=30
F29460 vm=3 dr=2 tot=5 | mem=289/825KB free=536KB gc=130.1KB base=30
F29520 vm=3 dr=2 tot=5 | mem=304/825KB free=521KB gc=142.8KB base=30
F29580 vm=3 dr=2 tot=5 | mem=317/825KB free=508KB gc=155.4KB base=30
F29640 vm=3 dr=1 tot=4 | mem=330/825KB free=495KB gc=168.1KB base=30
F29700 vm=3 dr=1 tot=4 | mem=343/825KB free=481KB gc=180.8KB base=30
F29760 vm=3 dr=2 tot=5 | mem=358/825KB free=466KB gc=193.4KB base=30
F29820 vm=3 dr=2 tot=5 | mem=242/825KB free=582KB gc=79.1KB base=30
F29880 vm=3 dr=2 tot=5 | mem=249/825KB free=575KB gc=91.7KB base=30
F29940 vm=3 dr=2 tot=5 | mem=260/825KB free=564KB gc=104.4KB base=30
F30000 vm=3 dr=1 tot=4 | mem=273/825KB free=551KB gc=117.0KB base=30
F30060 vm=3 dr=2 tot=5 | mem=289/825KB free=536KB gc=129.7KB base=30
F30120 vm=3 dr=2 tot=5 | mem=304/825KB free=521KB gc=142.4KB base=30
F30180 vm=3 dr=2 tot=5 | mem=317/825KB free=508KB gc=155.0KB base=30
F30240 vm=3 dr=2 tot=5 | mem=330/825KB free=495KB gc=167.7KB base=30
F30300 vm=3 dr=2 tot=5 | mem=343/825KB free=482KB gc=180.3KB base=30
F30360 vm=3 dr=2 tot=5 | mem=358/825KB free=466KB gc=193.0KB base=30
F30420 vm=3 dr=2 tot=5 | mem=242/825KB free=582KB gc=78.7KB base=30
---
F30480 vm=3 dr=2 tot=5 | mem=249/825KB free=575KB gc=91.3KB base=30
F30540 vm=3 dr=2 tot=5 | mem=260/825KB free=564KB gc=104.0KB base=30
F30600 vm=3 dr=2 tot=5 | mem=273/825KB free=551KB gc=116.6KB base=30
F30660 vm=3 dr=2 tot=5 | mem=286/825KB free=538KB gc=129.3KB base=30
F30720 vm=3 dr=2 tot=5 | mem=304/825KB free=521KB gc=141.9KB base=30
F30780 vm=3 dr=2 tot=5 | mem=317/825KB free=508KB gc=154.6KB base=30
F30840 vm=3 dr=2 tot=5 | mem=328/825KB free=497KB gc=167.2KB base=30
F30900 vm=3 dr=2 tot=5 | mem=343/825KB free=482KB gc=179.9KB base=30
F30960 vm=3 dr=2 tot=5 | mem=356/825KB free=469KB gc=192.6KB base=30
F31020 vm=3 dr=2 tot=5 | mem=242/825KB free=582KB gc=78.2KB base=30
F31080 vm=3 dr=1 tot=4 | mem=249/825KB free=575KB gc=90.9KB base=30
F31140 vm=3 dr=2 tot=5 | mem=260/825KB free=564KB gc=103.5KB base=30
F31200 vm=3 dr=2 tot=5 | mem=273/825KB free=551KB gc=116.2KB base=30
F31260 vm=3 dr=2 tot=5 | mem=286/825KB free=538KB gc=128.9KB base=30
F31320 vm=3 dr=2 tot=5 | mem=303/825KB free=521KB gc=141.5KB base=30
F31380 vm=3 dr=2 tot=5 | mem=317/825KB free=508KB gc=154.2KB base=30
F31440 vm=3 dr=1 tot=4 | mem=328/825KB free=497KB gc=166.8KB base=30
F31500 vm=3 dr=1 tot=4 | mem=343/825KB free=482KB gc=179.5KB base=30
F31560 vm=3 dr=2 tot=5 | mem=356/825KB free=469KB gc=192.1KB base=30
F31620 vm=3 dr=1 tot=4 | mem=242/825KB free=583KB gc=77.8KB base=30
F31680 vm=3 dr=2 tot=5 | mem=249/825KB free=575KB gc=90.5KB base=30
F31740 vm=3 dr=2 tot=5 | mem=260/825KB free=564KB gc=103.1KB base=30
F31800 vm=3 dr=2 tot=5 | mem=273/825KB free=551KB gc=115.8KB base=30
F31860 vm=3 dr=2 tot=5 | mem=286/825KB free=538KB gc=128.4KB base=30
F31920 vm=3 dr=2 tot=5 | mem=301/825KB free=523KB gc=141.1KB base=30
F31980 vm=3 dr=2 tot=5 | mem=314/825KB free=510KB gc=153.8KB base=30
F32040 vm=3 dr=2 tot=5 | mem=328/825KB free=497KB gc=166.4KB base=30
F32100 vm=3 dr=2 tot=5 | mem=343/825KB free=482KB gc=179.1KB base=30
F32160 vm=3 dr=2 tot=5 | mem=356/825KB free=469KB gc=191.7KB base=30
F32220 vm=3 dr=2 tot=5 | mem=242/825KB free=583KB gc=77.4KB base=30
F32280 vm=3 dr=2 tot=5 | mem=249/825KB free=576KB gc=90.0KB base=30
F32340 vm=3 dr=2 tot=5 | mem=260/825KB free=564KB gc=102.7KB base=30
F32400 vm=3 dr=2 tot=5 | mem=273/825KB free=551KB gc=115.4KB base=30
F32460 vm=3 dr=1 tot=4 | mem=286/825KB free=538KB gc=128.0KB base=30
F32520 vm=3 dr=1 tot=4 | mem=299/825KB free=525KB gc=140.7KB base=30
F32580 vm=3 dr=2 tot=5 | mem=314/825KB free=510KB gc=153.3KB base=30
F32640 vm=3 dr=1 tot=4 | mem=327/825KB free=497KB gc=166.0KB base=30
F32700 vm=3 dr=2 tot=5 | mem=343/825KB free=482KB gc=178.6KB base=30
F32760 vm=3 dr=1 tot=4 | mem=356/825KB free=469KB gc=191.3KB base=30
F32820 vm=3 dr=2 tot=5 | mem=242/825KB free=583KB gc=77.0KB base=30
F32880 vm=3 dr=2 tot=5 | mem=249/825KB free=576KB gc=89.6KB base=30
F32940 vm=3 dr=1 tot=4 | mem=260/825KB free=565KB gc=102.3KB base=30
F33000 vm=3 dr=2 tot=5 | mem=271/825KB free=554KB gc=114.9KB base=30
F33060 vm=3 dr=1 tot=4 | mem=286/825KB free=538KB gc=127.6KB base=30
F33120 vm=3 dr=2 tot=5 | mem=299/825KB free=525KB gc=140.2KB base=30
F33180 vm=3 dr=2 tot=5 | mem=314/825KB free=510KB gc=152.9KB base=30
F33240 vm=3 dr=2 tot=5 | mem=327/825KB free=497KB gc=165.6KB base=30
F33300 vm=3 dr=2 tot=5 | mem=342/825KB free=482KB gc=178.2KB base=30
F33360 vm=3 dr=2 tot=5 | mem=356/825KB free=469KB gc=190.9KB base=30
F33420 vm=3 dr=2 tot=5 | mem=242/825KB free=583KB gc=76.5KB base=30
F33480 vm=3 dr=1 tot=4 | mem=249/825KB free=576KB gc=89.2KB base=30
F33540 vm=3 dr=1 tot=4 | mem=260/825KB free=565KB gc=101.9KB base=30
F33600 vm=3 dr=2 tot=5 | mem=271/825KB free=554KB gc=114.5KB base=30
F33660 vm=3 dr=2 tot=5 | mem=286/825KB free=539KB gc=127.2KB base=30
F33720 vm=3 dr=2 tot=5 | mem=299/825KB free=525KB gc=139.8KB base=30
F33780 vm=3 dr=1 tot=4 | mem=314/825KB free=510KB gc=152.5KB base=30
F33840 vm=3 dr=2 tot=5 | mem=327/825KB free=497KB gc=165.1KB base=30
F33900 vm=3 dr=2 tot=5 | mem=340/825KB free=484KB gc=177.8KB base=30
F33960 vm=3 dr=2 tot=5 | mem=355/825KB free=469KB gc=190.5KB base=30
---
F34020 vm=3 dr=1 tot=4 | mem=242/825KB free=583KB gc=76.1KB base=30
F34080 vm=3 dr=1 tot=4 | mem=247/825KB free=578KB gc=88.8KB base=30
F34140 vm=3 dr=1 tot=4 | mem=260/825KB free=565KB gc=101.4KB base=30
F34200 vm=3 dr=1 tot=4 | mem=271/825KB free=554KB gc=114.1KB base=30
F34260 vm=3 dr=2 tot=5 | mem=286/825KB free=539KB gc=126.8KB base=30
F34320 vm=3 dr=1 tot=4 | mem=299/825KB free=526KB gc=139.4KB base=30
F34380 vm=3 dr=2 tot=5 | mem=312/825KB free=512KB gc=152.1KB base=30
F34440 vm=3 dr=2 tot=5 | mem=327/825KB free=497KB gc=164.7KB base=30
F34500 vm=3 dr=1 tot=4 | mem=340/825KB free=484KB gc=177.4KB base=30
F34560 vm=3 dr=1 tot=4 | mem=355/825KB free=469KB gc=190.0KB base=30
F34620 vm=3 dr=2 tot=5 | mem=241/825KB free=583KB gc=75.7KB base=30
F34680 vm=3 dr=2 tot=5 | mem=246/825KB free=578KB gc=88.4KB base=30
F34740 vm=3 dr=2 tot=5 | mem=260/825KB free=565KB gc=101.0KB base=30
F34800 vm=3 dr=2 tot=5 | mem=271/825KB free=554KB gc=113.7KB base=30
F34860 vm=3 dr=2 tot=5 | mem=286/825KB free=539KB gc=126.3KB base=30
F34920 vm=3 dr=2 tot=5 | mem=299/825KB free=526KB gc=139.0KB base=30
F34980 vm=3 dr=2 tot=5 | mem=310/825KB free=515KB gc=151.6KB base=30
F35040 vm=3 dr=2 tot=5 | mem=327/825KB free=497KB gc=164.3KB base=30
F35100 vm=3 dr=2 tot=5 | mem=340/825KB free=484KB gc=176.10KB base=30
F35160 vm=3 dr=2 tot=5 | mem=355/825KB free=469KB gc=189.6KB base=30
F35220 vm=3 dr=2 tot=5 | mem=241/825KB free=583KB gc=75.3KB base=30
F35280 vm=3 dr=1 tot=4 | mem=246/825KB free=578KB gc=87.9KB base=30
F35340 vm=3 dr=1 tot=4 | mem=259/825KB free=565KB gc=100.6KB base=30
F35400 vm=3 dr=2 tot=5 | mem=271/825KB free=554KB gc=113.2KB base=30
F35460 vm=3 dr=2 tot=5 | mem=286/825KB free=539KB gc=125.9KB base=30
F35520 vm=3 dr=2 tot=5 | mem=299/825KB free=526KB gc=138.6KB base=30
F35580 vm=3 dr=2 tot=5 | mem=310/825KB free=515KB gc=151.2KB base=30
F35640 vm=3 dr=2 tot=5 | mem=325/825KB free=500KB gc=163.9KB base=30
F35700 vm=3 dr=2 tot=5 | mem=340/825KB free=484KB gc=176.5KB base=30
F35760 vm=3 dr=2 tot=5 | mem=355/825KB free=469KB gc=189.2KB base=30
F35820 vm=3 dr=1 tot=4 | mem=241/825KB free=583KB gc=74.9KB base=30
F35880 vm=3 dr=2 tot=5 | mem=246/825KB free=578KB gc=87.5KB base=30
F35940 vm=3 dr=2 tot=5 | mem=257/825KB free=567KB gc=100.2KB base=30
F36000 vm=3 dr=1 tot=4 | mem=270/825KB free=554KB gc=112.8KB base=30
F36060 vm=3 dr=2 tot=5 | mem=284/825KB free=541KB gc=125.5KB base=30
F36120 vm=3 dr=2 tot=5 | mem=299/825KB free=526KB gc=138.1KB base=30
F36180 vm=3 dr=2 tot=5 | mem=310/825KB free=515KB gc=150.8KB base=30
F36240 vm=3 dr=2 tot=5 | mem=325/825KB free=500KB gc=163.5KB base=30
F36300 vm=3 dr=2 tot=5 | mem=340/825KB free=485KB gc=176.1KB base=30
F36360 vm=3 dr=2 tot=5 | mem=353/825KB free=471KB gc=188.8KB base=30
F36420 vm=3 dr=2 tot=5 | mem=241/825KB free=583KB gc=74.4KB base=30
F36480 vm=3 dr=2 tot=5 | mem=246/825KB free=578KB gc=87.1KB base=30
F36540 vm=3 dr=2 tot=5 | mem=257/825KB free=567KB gc=99.8KB base=30
F36600 vm=3 dr=2 tot=5 | mem=270/825KB free=554KB gc=112.4KB base=30
F36660 vm=3 dr=2 tot=5 | mem=283/825KB free=541KB gc=125.1KB base=30
F36720 vm=3 dr=2 tot=5 | mem=299/825KB free=526KB gc=137.7KB base=30
F36780 vm=3 dr=1 tot=4 | mem=310/825KB free=515KB gc=150.4KB base=30
F36840 vm=3 dr=1 tot=4 | mem=325/825KB free=500KB gc=163.0KB base=30
F36900 vm=3 dr=1 tot=4 | mem=340/825KB free=485KB gc=175.7KB base=30
F36960 vm=3 dr=1 tot=4 | mem=351/825KB free=474KB gc=188.3KB base=30
F37020 vm=3 dr=2 tot=5 | mem=241/825KB free=583KB gc=74.0KB base=30
F37080 vm=3 dr=1 tot=4 | mem=246/825KB free=578KB gc=86.7KB base=30
F37140 vm=3 dr=1 tot=4 | mem=255/825KB free=569KB gc=99.3KB base=30
F37200 vm=3 dr=1 tot=4 | mem=268/825KB free=556KB gc=112.0KB base=30
F37260 vm=3 dr=1 tot=4 | mem=283/825KB free=541KB gc=124.6KB base=30
F37320 vm=3 dr=2 tot=5 | mem=298/825KB free=526KB gc=137.3KB base=30
F37380 vm=3 dr=1 tot=4 | mem=310/825KB free=515KB gc=149.10KB base=30
F37440 vm=3 dr=2 tot=5 | mem=325/825KB free=500KB gc=162.6KB base=30
F37500 vm=3 dr=2 tot=5 | mem=338/825KB free=487KB gc=175.3KB base=30
---
F37560 vm=3 dr=1 tot=4 | mem=351/825KB free=474KB gc=187.9KB base=30
F37620 vm=3 dr=1 tot=4 | mem=241/825KB free=584KB gc=73.6KB base=30
F37680 vm=3 dr=1 tot=4 | mem=246/825KB free=578KB gc=86.2KB base=30
F37740 vm=3 dr=1 tot=4 | mem=255/825KB free=569KB gc=98.9KB base=30
F37800 vm=3 dr=1 tot=4 | mem=268/825KB free=556KB gc=111.6KB base=30
F37860 vm=3 dr=1 tot=4 | mem=283/825KB free=541KB gc=124.2KB base=30
F37920 vm=3 dr=2 tot=5 | mem=298/825KB free=526KB gc=136.9KB base=30
F37980 vm=3 dr=2 tot=5 | mem=309/825KB free=515KB gc=149.5KB base=30
F38040 vm=3 dr=2 tot=5 | mem=323/825KB free=502KB gc=162.2KB base=30
F38100 vm=3 dr=1 tot=4 | mem=338/825KB free=487KB gc=174.9KB base=30
F38160 vm=3 dr=1 tot=4 | mem=351/825KB free=474KB gc=187.5KB base=30
F38220 vm=3 dr=1 tot=4 | mem=241/825KB free=584KB gc=73.2KB base=30
F38280 vm=3 dr=1 tot=4 | mem=246/825KB free=579KB gc=85.8KB base=30
F38340 vm=3 dr=1 tot=4 | mem=255/825KB free=570KB gc=98.5KB base=30
F38400 vm=3 dr=1 tot=4 | mem=268/825KB free=556KB gc=111.1KB base=30
F38460 vm=3 dr=2 tot=5 | mem=283/825KB free=541KB gc=123.8KB base=30
F38520 vm=3 dr=2 tot=5 | mem=298/825KB free=526KB gc=136.5KB base=30
F38580 vm=3 dr=1 tot=4 | mem=309/825KB free=515KB gc=149.1KB base=30
F38640 vm=3 dr=2 tot=5 | mem=322/825KB free=502KB gc=161.8KB base=30
F38700 vm=3 dr=1 tot=4 | mem=338/825KB free=487KB gc=174.4KB base=30
F38760 vm=3 dr=2 tot=5 | mem=351/825KB free=474KB gc=187.1KB base=30
F38820 vm=3 dr=2 tot=5 | mem=241/825KB free=584KB gc=72.8KB base=30
F38880 vm=3 dr=1 tot=4 | mem=246/825KB free=579KB gc=85.4KB base=30
F38940 vm=3 dr=2 tot=5 | mem=255/825KB free=570KB gc=98.1KB base=30
F39000 vm=3 dr=2 tot=5 | mem=268/825KB free=557KB gc=110.7KB base=30
F39060 vm=3 dr=2 tot=5 | mem=281/825KB free=543KB gc=123.4KB base=30
F39120 vm=3 dr=1 tot=4 | mem=294/825KB free=530KB gc=136.0KB base=30
F39180 vm=3 dr=1 tot=4 | mem=309/825KB free=515KB gc=148.7KB base=30
F39240 vm=3 dr=1 tot=4 | mem=322/825KB free=502KB gc=161.3KB base=30
F39300 vm=3 dr=2 tot=5 | mem=337/825KB free=487KB gc=174.0KB base=30
F39360 vm=3 dr=2 tot=5 | mem=348/825KB free=476KB gc=186.7KB base=30
F39420 vm=3 dr=1 tot=4 | mem=366/825KB free=459KB gc=199.3KB base=30
F39480 vm=3 dr=2 tot=5 | mem=246/825KB free=579KB gc=85.0KB base=30
F39540 vm=3 dr=2 tot=5 | mem=255/825KB free=570KB gc=97.6KB base=30
F39600 vm=3 dr=1 tot=4 | mem=268/825KB free=557KB gc=110.3KB base=30
F39660 vm=3 dr=1 tot=4 | mem=281/825KB free=544KB gc=122.10KB base=30
F39720 vm=3 dr=1 tot=4 | mem=294/825KB free=530KB gc=135.6KB base=30
F39780 vm=3 dr=1 tot=4 | mem=309/825KB free=515KB gc=148.3KB base=30
F39840 vm=3 dr=1 tot=4 | mem=322/825KB free=502KB gc=160.9KB base=30
F39900 vm=3 dr=1 tot=4 | mem=337/825KB free=487KB gc=173.6KB base=30
F39960 vm=3 dr=1 tot=4 | mem=348/825KB free=476KB gc=186.2KB base=30
F40020 vm=3 dr=1 tot=4 | mem=363/825KB free=461KB gc=198.9KB base=30
F40080 vm=3 dr=1 tot=4 | mem=246/825KB free=579KB gc=84.6KB base=30
F40140 vm=3 dr=1 tot=4 | mem=255/825KB free=570KB gc=97.2KB base=30
F40200 vm=3 dr=1 tot=4 | mem=266/825KB free=559KB gc=109.9KB base=30
F40260 vm=3 dr=1 tot=4 | mem=281/825KB free=544KB gc=122.5KB base=30
F40320 vm=3 dr=2 tot=5 | mem=294/825KB free=531KB gc=135.2KB base=30
F40380 vm=3 dr=2 tot=5 | mem=309/825KB free=515KB gc=147.9KB base=30
F40440 vm=3 dr=1 tot=4 | mem=322/825KB free=502KB gc=160.5KB base=30
F40500 vm=3 dr=2 tot=5 | mem=337/825KB free=487KB gc=173.1KB base=30
F40560 vm=3 dr=2 tot=5 | mem=348/825KB free=476KB gc=185.8KB base=30
F40620 vm=3 dr=1 tot=4 | mem=361/825KB free=463KB gc=198.5KB base=30
F40680 vm=3 dr=1 tot=4 | mem=245/825KB free=579KB gc=84.1KB base=30
F40740 vm=3 dr=1 tot=4 | mem=255/825KB free=570KB gc=96.8KB base=30
F40800 vm=3 dr=1 tot=4 | mem=266/825KB free=559KB gc=109.5KB base=30
F40860 vm=3 dr=1 tot=4 | mem=281/825KB free=544KB gc=122.1KB base=30
F40920 vm=3 dr=1 tot=4 | mem=292/825KB free=533KB gc=134.8KB base=30
F40980 vm=3 dr=1 tot=4 | mem=309/825KB free=516KB gc=147.4KB base=30
F41040 vm=3 dr=1 tot=4 | mem=322/825KB free=502KB gc=160.1KB base=30
---
F41100 vm=3 dr=2 tot=5 | mem=335/825KB free=489KB gc=172.7KB base=30
F41160 vm=3 dr=1 tot=4 | mem=348/825KB free=476KB gc=185.4KB base=30
F41220 vm=3 dr=1 tot=4 | mem=361/825KB free=463KB gc=198.0KB base=30
F41280 vm=3 dr=1 tot=4 | mem=243/825KB free=581KB gc=83.7KB base=30
F41340 vm=3 dr=2 tot=5 | mem=254/825KB free=570KB gc=96.4KB base=30
F41400 vm=3 dr=1 tot=4 | mem=266/825KB free=559KB gc=109.0KB base=30
F41460 vm=3 dr=1 tot=4 | mem=281/825KB free=544KB gc=121.7KB base=30
F41520 vm=3 dr=2 tot=5 | mem=292/825KB free=533KB gc=134.3KB base=30
F41580 vm=3 dr=2 tot=5 | mem=309/825KB free=516KB gc=147.0KB base=30
F41640 vm=3 dr=1 tot=4 | mem=322/825KB free=503KB gc=159.7KB base=30
F41700 vm=3 dr=1 tot=4 | mem=335/825KB free=489KB gc=172.3KB base=30
F41760 vm=3 dr=1 tot=4 | mem=348/825KB free=476KB gc=185.0KB base=30
F41820 vm=3 dr=1 tot=4 | mem=361/825KB free=463KB gc=197.6KB base=30
F41880 vm=3 dr=1 tot=4 | mem=243/825KB free=581KB gc=83.3KB base=30
F41940 vm=3 dr=1 tot=4 | mem=254/825KB free=570KB gc=95.10KB base=30
F42000 vm=3 dr=2 tot=5 | mem=265/825KB free=559KB gc=108.6KB base=30
F42060 vm=3 dr=2 tot=5 | mem=281/825KB free=544KB gc=121.3KB base=30
F42120 vm=3 dr=1 tot=4 | mem=292/825KB free=533KB gc=133.9KB base=30
F42180 vm=3 dr=1 tot=4 | mem=305/825KB free=520KB gc=146.6KB base=30
F42240 vm=3 dr=1 tot=4 | mem=322/825KB free=503KB gc=159.2KB base=30
F42300 vm=3 dr=1 tot=4 | mem=335/825KB free=490KB gc=171.9KB base=30
F42360 vm=3 dr=1 tot=4 | mem=348/825KB free=476KB gc=184.5KB base=30
F42420 vm=3 dr=1 tot=4 | mem=361/825KB free=463KB gc=197.2KB base=30
F42480 vm=2 dr=2 tot=4 | mem=243/825KB free=581KB gc=82.9KB base=30
F42540 vm=3 dr=1 tot=4 | mem=254/825KB free=570KB gc=95.5KB base=30
F42600 vm=3 dr=1 tot=4 | mem=265/825KB free=559KB gc=108.2KB base=30
F42660 vm=3 dr=1 tot=4 | mem=280/825KB free=544KB gc=120.9KB base=30
F42720 vm=3 dr=1 tot=4 | mem=291/825KB free=533KB gc=133.5KB base=30
F42780 vm=3 dr=1 tot=4 | mem=305/825KB free=520KB gc=146.1KB base=30
F42840 vm=2 dr=2 tot=4 | mem=322/825KB free=503KB gc=158.8KB base=30
F42900 vm=3 dr=1 tot=4 | mem=335/825KB free=490KB gc=171.5KB base=30
F42960 vm=3 dr=1 tot=4 | mem=348/825KB free=477KB gc=184.1KB base=30
F43020 vm=3 dr=1 tot=4 | mem=361/825KB free=464KB gc=196.8KB base=30
F43080 vm=3 dr=2 tot=5 | mem=243/825KB free=581KB gc=82.5KB base=30
F43140 vm=3 dr=2 tot=5 | mem=254/825KB free=570KB gc=95.1KB base=30
F43200 vm=3 dr=1 tot=4 | mem=265/825KB free=559KB gc=107.8KB base=30
F43260 vm=3 dr=1 tot=4 | mem=278/825KB free=546KB gc=120.4KB base=30
F43320 vm=3 dr=1 tot=4 | mem=291/825KB free=533KB gc=133.1KB base=30
F43380 vm=3 dr=2 tot=5 | mem=304/825KB free=520KB gc=145.7KB base=30
F43440 vm=3 dr=1 tot=4 | mem=322/825KB free=503KB gc=158.4KB base=30
F43500 vm=3 dr=1 tot=4 | mem=333/825KB free=492KB gc=171.0KB base=30
F43560 vm=3 dr=2 tot=5 | mem=348/825KB free=477KB gc=183.7KB base=30
F43620 vm=3 dr=2 tot=5 | mem=361/825KB free=464KB gc=196.4KB base=30
F43680 vm=2 dr=2 tot=4 | mem=243/825KB free=582KB gc=82.0KB base=30
F43740 vm=2 dr=2 tot=4 | mem=252/825KB free=572KB gc=94.7KB base=30
F43800 vm=3 dr=1 tot=4 | mem=265/825KB free=559KB gc=107.3KB base=30
F43860 vm=2 dr=2 tot=4 | mem=278/825KB free=546KB gc=120.0KB base=30
F43920 vm=3 dr=1 tot=4 | mem=291/825KB free=533KB gc=132.7KB base=30
F43980 vm=2 dr=2 tot=4 | mem=304/825KB free=520KB gc=145.3KB base=30
F44040 vm=3 dr=2 tot=5 | mem=319/825KB free=505KB gc=158.0KB base=30
F44100 vm=3 dr=1 tot=4 | mem=333/825KB free=492KB gc=170.6KB base=30
F44160 vm=3 dr=1 tot=4 | mem=348/825KB free=477KB gc=183.3KB base=30
F44220 vm=3 dr=1 tot=4 | mem=361/825KB free=464KB gc=195.9KB base=30
F44280 vm=2 dr=2 tot=4 | mem=243/825KB free=582KB gc=81.6KB base=30
F44340 vm=3 dr=1 tot=4 | mem=250/825KB free=575KB gc=94.3KB base=30
F44400 vm=3 dr=1 tot=4 | mem=265/825KB free=559KB gc=106.9KB base=30
F44460 vm=3 dr=2 tot=5 | mem=278/825KB free=546KB gc=119.6KB base=30
F44520 vm=3 dr=1 tot=4 | mem=291/825KB free=533KB gc=132.2KB base=30
F44580 vm=3 dr=2 tot=5 | mem=304/825KB free=520KB gc=144.9KB base=30
---
F44640 vm=3 dr=2 tot=5 | mem=319/825KB free=505KB gc=157.5KB base=30
F44700 vm=3 dr=1 tot=4 | mem=332/825KB free=492KB gc=170.2KB base=30
F44760 vm=2 dr=2 tot=4 | mem=346/825KB free=479KB gc=182.9KB base=30
F44820 vm=3 dr=1 tot=4 | mem=361/825KB free=464KB gc=195.5KB base=30
F44880 vm=3 dr=1 tot=4 | mem=243/825KB free=582KB gc=81.2KB base=30
F44940 vm=3 dr=1 tot=4 | mem=250/825KB free=575KB gc=93.9KB base=30
F45000 vm=2 dr=2 tot=4 | mem=265/825KB free=560KB gc=106.5KB base=30
F45060 vm=3 dr=1 tot=4 | mem=278/825KB free=546KB gc=119.1KB base=30
F45120 vm=3 dr=1 tot=4 | mem=291/825KB free=533KB gc=131.8KB base=30
F45180 vm=3 dr=1 tot=4 | mem=304/825KB free=520KB gc=144.5KB base=30
F45240 vm=2 dr=2 tot=4 | mem=319/825KB free=505KB gc=157.1KB base=30
F45300 vm=2 dr=2 tot=4 | mem=332/825KB free=492KB gc=169.8KB base=30
F45360 vm=2 dr=2 tot=4 | mem=345/825KB free=479KB gc=182.4KB base=30
F45420 vm=3 dr=1 tot=4 | mem=361/825KB free=464KB gc=195.1KB base=30
F45480 vm=3 dr=1 tot=4 | mem=243/825KB free=582KB gc=80.8KB base=30
F45540 vm=2 dr=2 tot=4 | mem=250/825KB free=575KB gc=93.4KB base=30
F45600 vm=3 dr=1 tot=4 | mem=263/825KB free=562KB gc=106.1KB base=30
F45660 vm=3 dr=1 tot=4 | mem=278/825KB free=547KB gc=118.7KB base=30
F45720 vm=2 dr=2 tot=4 | mem=291/825KB free=533KB gc=131.4KB base=30
F45780 vm=2 dr=2 tot=4 | mem=304/825KB free=520KB gc=144.0KB base=30
F45840 vm=3 dr=1 tot=4 | mem=317/825KB free=507KB gc=156.7KB base=30
F45900 vm=3 dr=1 tot=4 | mem=330/825KB free=494KB gc=169.4KB base=30
F45960 vm=3 dr=1 tot=4 | mem=345/825KB free=479KB gc=182.0KB base=30
F46020 vm=3 dr=1 tot=4 | mem=360/825KB free=464KB gc=194.7KB base=30
F46080 vm=3 dr=1 tot=4 | mem=243/825KB free=582KB gc=80.3KB base=30
F46140 vm=3 dr=1 tot=4 | mem=250/825KB free=575KB gc=93.0KB base=30
F46200 vm=3 dr=1 tot=4 | mem=263/825KB free=562KB gc=105.7KB base=30
F46260 vm=3 dr=1 tot=4 | mem=276/825KB free=549KB gc=118.3KB base=30
F46320 vm=3 dr=1 tot=4 | mem=291/825KB free=534KB gc=131.0KB base=30
F46380 vm=3 dr=1 tot=4 | mem=304/825KB free=520KB gc=143.6KB base=30
F46440 vm=3 dr=1 tot=4 | mem=317/825KB free=507KB gc=156.3KB base=30
F46500 vm=2 dr=2 tot=4 | mem=330/825KB free=494KB gc=168.9KB base=30
F46560 vm=2 dr=2 tot=4 | mem=345/825KB free=479KB gc=181.6KB base=30
F46620 vm=3 dr=1 tot=4 | mem=360/825KB free=464KB gc=194.2KB base=30
F46680 vm=3 dr=1 tot=4 | mem=242/825KB free=582KB gc=79.9KB base=30
F46740 vm=3 dr=1 tot=4 | mem=250/825KB free=575KB gc=92.6KB base=30
F46800 vm=3 dr=2 tot=5 | mem=263/825KB free=562KB gc=105.2KB base=30
F46860 vm=3 dr=1 tot=4 | mem=276/825KB free=549KB gc=117.9KB base=30
F46920 vm=3 dr=1 tot=4 | mem=289/825KB free=536KB gc=130.5KB base=30
F46980 vm=3 dr=1 tot=4 | mem=304/825KB free=521KB gc=143.2KB base=30
F47040 vm=2 dr=2 tot=4 | mem=317/825KB free=507KB gc=155.9KB base=30
F47100 vm=3 dr=2 tot=5 | mem=330/825KB free=494KB gc=168.5KB base=30
F47160 vm=3 dr=1 tot=4 | mem=343/825KB free=481KB gc=181.2KB base=30
F47220 vm=3 dr=1 tot=4 | mem=360/825KB free=464KB gc=193.8KB base=30
F47280 vm=3 dr=1 tot=4 | mem=242/825KB free=582KB gc=79.5KB base=30
F47340 vm=3 dr=1 tot=4 | mem=249/825KB free=575KB gc=92.1KB base=30
F47400 vm=3 dr=1 tot=4 | mem=262/825KB free=562KB gc=104.8KB base=30
F47460 vm=3 dr=1 tot=4 | mem=274/825KB free=551KB gc=117.5KB base=30
F47520 vm=3 dr=1 tot=4 | mem=289/825KB free=536KB gc=130.1KB base=30
F47580 vm=3 dr=1 tot=4 | mem=304/825KB free=521KB gc=142.8KB base=30
F47640 vm=3 dr=2 tot=5 | mem=317/825KB free=508KB gc=155.4KB base=30
F47700 vm=3 dr=2 tot=5 | mem=330/825KB free=495KB gc=168.1KB base=30
F47760 vm=3 dr=1 tot=4 | mem=343/825KB free=481KB gc=180.8KB base=30
F47820 vm=3 dr=1 tot=4 | mem=358/825KB free=466KB gc=193.4KB base=30
F47880 vm=3 dr=1 tot=4 | mem=242/825KB free=582KB gc=79.1KB base=30
F47940 vm=3 dr=1 tot=4 | mem=249/825KB free=575KB gc=91.7KB base=30
F48000 vm=3 dr=1 tot=4 | mem=260/825KB free=564KB gc=104.4KB base=30
F48060 vm=2 dr=2 tot=4 | mem=273/825KB free=551KB gc=117.0KB base=30
F48120 vm=2 dr=2 tot=4 | mem=289/825KB free=536KB gc=129.7KB base=30
---
F48180 vm=3 dr=1 tot=4 | mem=304/825KB free=521KB gc=142.4KB base=30
F48240 vm=3 dr=1 tot=4 | mem=317/825KB free=508KB gc=155.0KB base=30
F48300 vm=2 dr=2 tot=4 | mem=330/825KB free=495KB gc=167.7KB base=30
F48360 vm=2 dr=2 tot=4 | mem=343/825KB free=482KB gc=180.3KB base=30
F48420 vm=2 dr=2 tot=4 | mem=358/825KB free=466KB gc=193.0KB base=30
F48480 vm=2 dr=2 tot=4 | mem=242/825KB free=582KB gc=78.7KB base=30
F48540 vm=3 dr=1 tot=4 | mem=249/825KB free=575KB gc=91.3KB base=30
F48600 vm=3 dr=1 tot=4 | mem=260/825KB free=564KB gc=104.0KB base=30
F48660 vm=3 dr=2 tot=5 | mem=273/825KB free=551KB gc=116.6KB base=30
F48720 vm=3 dr=1 tot=4 | mem=286/825KB free=538KB gc=129.3KB base=30
F48780 vm=2 dr=2 tot=4 | mem=304/825KB free=521KB gc=141.9KB base=30
F48840 vm=2 dr=2 tot=4 | mem=317/825KB free=508KB gc=154.6KB base=30
F48900 vm=3 dr=1 tot=4 | mem=328/825KB free=497KB gc=167.2KB base=30
F48960 vm=3 dr=1 tot=4 | mem=343/825KB free=482KB gc=179.9KB base=30
F49020 vm=3 dr=1 tot=4 | mem=356/825KB free=469KB gc=192.6KB base=30
F49080 vm=3 dr=1 tot=4 | mem=242/825KB free=582KB gc=78.2KB base=30
F49140 vm=3 dr=1 tot=4 | mem=249/825KB free=575KB gc=90.9KB base=30
F49200 vm=3 dr=1 tot=4 | mem=260/825KB free=564KB gc=103.5KB base=30
F49260 vm=2 dr=2 tot=4 | mem=273/825KB free=551KB gc=116.2KB base=30
F49320 vm=2 dr=2 tot=4 | mem=286/825KB free=538KB gc=128.9KB base=30
F49380 vm=2 dr=2 tot=4 | mem=303/825KB free=521KB gc=141.5KB base=30
F49440 vm=2 dr=2 tot=4 | mem=317/825KB free=508KB gc=154.2KB base=30
F49500 vm=2 dr=2 tot=4 | mem=328/825KB free=497KB gc=166.8KB base=30
F49560 vm=3 dr=1 tot=4 | mem=343/825KB free=482KB gc=179.5KB base=30
F49620 vm=3 dr=1 tot=4 | mem=356/825KB free=469KB gc=192.1KB base=30
F49680 vm=3 dr=2 tot=5 | mem=242/825KB free=583KB gc=77.8KB base=30
F49740 vm=3 dr=2 tot=5 | mem=249/825KB free=575KB gc=90.5KB base=30
F49800 vm=3 dr=1 tot=4 | mem=260/825KB free=564KB gc=103.1KB base=30
F49860 vm=3 dr=1 tot=4 | mem=273/825KB free=551KB gc=115.8KB base=30
F49920 vm=3 dr=1 tot=4 | mem=286/825KB free=538KB gc=128.4KB base=30
F49980 vm=3 dr=1 tot=4 | mem=301/825KB free=523KB gc=141.1KB base=30
F50040 vm=3 dr=1 tot=4 | mem=314/825KB free=510KB gc=153.8KB base=30
F50100 vm=3 dr=1 tot=4 | mem=328/825KB free=497KB gc=166.4KB base=30
F50160 vm=3 dr=1 tot=4 | mem=343/825KB free=482KB gc=179.1KB base=30
F50220 vm=3 dr=1 tot=4 | mem=356/825KB free=469KB gc=191.7KB base=30
F50280 vm=3 dr=1 tot=4 | mem=242/825KB free=583KB gc=77.4KB base=30
F50340 vm=3 dr=1 tot=4 | mem=249/825KB free=576KB gc=90.0KB base=30
F50400 vm=3 dr=1 tot=4 | mem=260/825KB free=564KB gc=102.7KB base=30
F50460 vm=3 dr=1 tot=4 | mem=273/825KB free=551KB gc=115.4KB base=30
F50520 vm=3 dr=1 tot=4 | mem=286/825KB free=538KB gc=128.0KB base=30
F50580 vm=3 dr=1 tot=4 | mem=299/825KB free=525KB gc=140.7KB base=30
F50640 vm=3 dr=1 tot=4 | mem=314/825KB free=510KB gc=153.3KB base=30
F50700 vm=3 dr=1 tot=4 | mem=327/825KB free=497KB gc=166.0KB base=30
F50760 vm=3 dr=2 tot=5 | mem=343/825KB free=482KB gc=178.6KB base=30
F50820 vm=2 dr=2 tot=4 | mem=356/825KB free=469KB gc=191.3KB base=30
F50880 vm=2 dr=2 tot=4 | mem=242/825KB free=583KB gc=77.0KB base=30
F50940 vm=2 dr=2 tot=4 | mem=249/825KB free=576KB gc=89.6KB base=30
F51000 vm=2 dr=2 tot=4 | mem=260/825KB free=565KB gc=102.3KB base=30
F51060 vm=2 dr=2 tot=4 | mem=271/825KB free=554KB gc=114.9KB base=30
F51120 vm=2 dr=2 tot=4 | mem=286/825KB free=538KB gc=127.6KB base=30
F51180 vm=2 dr=2 tot=4 | mem=299/825KB free=525KB gc=140.2KB base=30
F51240 vm=2 dr=2 tot=4 | mem=314/825KB free=510KB gc=152.9KB base=30
F51300 vm=3 dr=1 tot=4 | mem=327/825KB free=497KB gc=165.6KB base=30
F51360 vm=3 dr=1 tot=4 | mem=342/825KB free=482KB gc=178.2KB base=30
F51420 vm=2 dr=2 tot=4 | mem=356/825KB free=469KB gc=190.9KB base=30
F51480 vm=2 dr=2 tot=4 | mem=242/825KB free=583KB gc=76.5KB base=30
F51540 vm=3 dr=1 tot=4 | mem=249/825KB free=576KB gc=89.2KB base=30
F51600 vm=3 dr=1 tot=4 | mem=260/825KB free=565KB gc=101.9KB base=30
F51660 vm=2 dr=2 tot=4 | mem=271/825KB free=554KB gc=114.5KB base=30
---
F51720 vm=3 dr=1 tot=4 | mem=286/825KB free=539KB gc=127.2KB base=30
F51780 vm=3 dr=1 tot=4 | mem=299/825KB free=525KB gc=139.8KB base=30
F51840 vm=3 dr=1 tot=4 | mem=314/825KB free=510KB gc=152.5KB base=30
F51900 vm=2 dr=2 tot=4 | mem=327/825KB free=497KB gc=165.1KB base=30
F51960 vm=2 dr=2 tot=4 | mem=340/825KB free=484KB gc=177.8KB base=30
F52020 vm=2 dr=2 tot=4 | mem=355/825KB free=469KB gc=190.5KB base=30
F52080 vm=2 dr=2 tot=4 | mem=242/825KB free=583KB gc=76.1KB base=30
F52140 vm=2 dr=2 tot=4 | mem=247/825KB free=578KB gc=88.8KB base=30
F52200 vm=2 dr=2 tot=4 | mem=260/825KB free=565KB gc=101.4KB base=30
F52260 vm=2 dr=2 tot=4 | mem=271/825KB free=554KB gc=114.1KB base=30
F52320 vm=3 dr=1 tot=4 | mem=286/825KB free=539KB gc=126.8KB base=30
F52380 vm=2 dr=2 tot=4 | mem=299/825KB free=526KB gc=139.4KB base=30
F52440 vm=2 dr=2 tot=4 | mem=312/825KB free=512KB gc=152.1KB base=30
F52500 vm=2 dr=2 tot=4 | mem=327/825KB free=497KB gc=164.7KB base=30
F52560 vm=3 dr=1 tot=4 | mem=340/825KB free=484KB gc=177.4KB base=30
F52620 vm=2 dr=2 tot=4 | mem=355/825KB free=469KB gc=190.0KB base=30
F52680 vm=2 dr=2 tot=4 | mem=241/825KB free=583KB gc=75.7KB base=30
F52740 vm=3 dr=1 tot=4 | mem=246/825KB free=578KB gc=88.4KB base=30
F52800 vm=3 dr=1 tot=4 | mem=260/825KB free=565KB gc=101.0KB base=30
F52860 vm=3 dr=1 tot=4 | mem=271/825KB free=554KB gc=113.7KB base=30
F52920 vm=2 dr=2 tot=4 | mem=286/825KB free=539KB gc=126.3KB base=30
F52980 vm=2 dr=2 tot=4 | mem=299/825KB free=526KB gc=139.0KB base=30
F53040 vm=2 dr=2 tot=4 | mem=310/825KB free=515KB gc=151.6KB base=30
F53100 vm=3 dr=1 tot=4 | mem=327/825KB free=497KB gc=164.3KB base=30
F53160 vm=2 dr=2 tot=4 | mem=340/825KB free=484KB gc=176.10KB base=30
F53220 vm=2 dr=2 tot=4 | mem=355/825KB free=469KB gc=189.6KB base=30
F53280 vm=3 dr=1 tot=4 | mem=241/825KB free=583KB gc=75.3KB base=30
F53340 vm=3 dr=1 tot=4 | mem=246/825KB free=578KB gc=87.9KB base=30
F53400 vm=2 dr=2 tot=4 | mem=259/825KB free=565KB gc=100.6KB base=30
F53460 vm=2 dr=2 tot=4 | mem=271/825KB free=554KB gc=113.2KB base=30
F53520 vm=2 dr=2 tot=4 | mem=286/825KB free=539KB gc=125.9KB base=30
F53580 vm=3 dr=1 tot=4 | mem=299/825KB free=526KB gc=138.6KB base=30
F53640 vm=2 dr=2 tot=4 | mem=310/825KB free=515KB gc=151.2KB base=30
F53700 vm=2 dr=2 tot=4 | mem=325/825KB free=500KB gc=163.9KB base=30
F53760 vm=3 dr=1 tot=4 | mem=340/825KB free=484KB gc=176.5KB base=30
F53820 vm=3 dr=1 tot=4 | mem=355/825KB free=469KB gc=189.2KB base=30
F53880 vm=3 dr=1 tot=4 | mem=241/825KB free=583KB gc=74.9KB base=30
F53940 vm=2 dr=2 tot=4 | mem=246/825KB free=578KB gc=87.5KB base=30
F54000 vm=2 dr=2 tot=4 | mem=257/825KB free=567KB gc=100.2KB base=30
F54060 vm=2 dr=2 tot=4 | mem=270/825KB free=554KB gc=112.8KB base=30
F54120 vm=3 dr=1 tot=4 | mem=284/825KB free=541KB gc=125.5KB base=30
F54180 vm=2 dr=2 tot=4 | mem=299/825KB free=526KB gc=138.1KB base=30
F54240 vm=2 dr=2 tot=4 | mem=310/825KB free=515KB gc=150.8KB base=30
F54300 vm=3 dr=1 tot=4 | mem=325/825KB free=500KB gc=163.5KB base=30
F54360 vm=3 dr=1 tot=4 | mem=340/825KB free=485KB gc=176.1KB base=30
F54420 vm=2 dr=2 tot=4 | mem=353/825KB free=471KB gc=188.8KB base=30